Archive member included to satisfy reference by file (symbol)

D:/STM32/STM32CubeIDE_1.19.0/STM32CubeIDE/plugins/com.st.stm32cube.ide.mcu.externaltools.gnu-tools-for-stm32.13.3.rel1.win32_1.0.0.202411081344/tools/bin/../lib/gcc/arm-none-eabi/13.3.1/../../../../arm-none-eabi/lib/thumb/v7-m/nofp\libc_nano.a(libc_a-exit.o)
                              D:/STM32/STM32CubeIDE_1.19.0/STM32CubeIDE/plugins/com.st.stm32cube.ide.mcu.externaltools.gnu-tools-for-stm32.13.3.rel1.win32_1.0.0.202411081344/tools/bin/../lib/gcc/arm-none-eabi/13.3.1/../../../../arm-none-eabi/lib/thumb/v7-m/nofp/crt0.o (exit)
D:/STM32/STM32CubeIDE_1.19.0/STM32CubeIDE/plugins/com.st.stm32cube.ide.mcu.externaltools.gnu-tools-for-stm32.13.3.rel1.win32_1.0.0.202411081344/tools/bin/../lib/gcc/arm-none-eabi/13.3.1/../../../../arm-none-eabi/lib/thumb/v7-m/nofp\libc_nano.a(libc_a-findfp.o)
                              D:/STM32/STM32CubeIDE_1.19.0/STM32CubeIDE/plugins/com.st.stm32cube.ide.mcu.externaltools.gnu-tools-for-stm32.13.3.rel1.win32_1.0.0.202411081344/tools/bin/../lib/gcc/arm-none-eabi/13.3.1/../../../../arm-none-eabi/lib/thumb/v7-m/nofp\libc_nano.a(libc_a-exit.o) (__stdio_exit_handler)
D:/STM32/STM32CubeIDE_1.19.0/STM32CubeIDE/plugins/com.st.stm32cube.ide.mcu.externaltools.gnu-tools-for-stm32.13.3.rel1.win32_1.0.0.202411081344/tools/bin/../lib/gcc/arm-none-eabi/13.3.1/../../../../arm-none-eabi/lib/thumb/v7-m/nofp\libc_nano.a(libc_a-fwalk.o)
                              D:/STM32/STM32CubeIDE_1.19.0/STM32CubeIDE/plugins/com.st.stm32cube.ide.mcu.externaltools.gnu-tools-for-stm32.13.3.rel1.win32_1.0.0.202411081344/tools/bin/../lib/gcc/arm-none-eabi/13.3.1/../../../../arm-none-eabi/lib/thumb/v7-m/nofp\libc_nano.a(libc_a-findfp.o) (_fwalk_sglue)
D:/STM32/STM32CubeIDE_1.19.0/STM32CubeIDE/plugins/com.st.stm32cube.ide.mcu.externaltools.gnu-tools-for-stm32.13.3.rel1.win32_1.0.0.202411081344/tools/bin/../lib/gcc/arm-none-eabi/13.3.1/../../../../arm-none-eabi/lib/thumb/v7-m/nofp\libc_nano.a(libc_a-stdio.o)
                              D:/STM32/STM32CubeIDE_1.19.0/STM32CubeIDE/plugins/com.st.stm32cube.ide.mcu.externaltools.gnu-tools-for-stm32.13.3.rel1.win32_1.0.0.202411081344/tools/bin/../lib/gcc/arm-none-eabi/13.3.1/../../../../arm-none-eabi/lib/thumb/v7-m/nofp\libc_nano.a(libc_a-findfp.o) (__sread)
D:/STM32/STM32CubeIDE_1.19.0/STM32CubeIDE/plugins/com.st.stm32cube.ide.mcu.externaltools.gnu-tools-for-stm32.13.3.rel1.win32_1.0.0.202411081344/tools/bin/../lib/gcc/arm-none-eabi/13.3.1/../../../../arm-none-eabi/lib/thumb/v7-m/nofp\libc_nano.a(libc_a-memmove.o)
                              ./Core/Src/UARTComms.o (memmove)
D:/STM32/STM32CubeIDE_1.19.0/STM32CubeIDE/plugins/com.st.stm32cube.ide.mcu.externaltools.gnu-tools-for-stm32.13.3.rel1.win32_1.0.0.202411081344/tools/bin/../lib/gcc/arm-none-eabi/13.3.1/../../../../arm-none-eabi/lib/thumb/v7-m/nofp\libc_nano.a(libc_a-memset.o)
                              D:/STM32/STM32CubeIDE_1.19.0/STM32CubeIDE/plugins/com.st.stm32cube.ide.mcu.externaltools.gnu-tools-for-stm32.13.3.rel1.win32_1.0.0.202411081344/tools/bin/../lib/gcc/arm-none-eabi/13.3.1/../../../../arm-none-eabi/lib/thumb/v7-m/nofp/crt0.o (memset)
D:/STM32/STM32CubeIDE_1.19.0/STM32CubeIDE/plugins/com.st.stm32cube.ide.mcu.externaltools.gnu-tools-for-stm32.13.3.rel1.win32_1.0.0.202411081344/tools/bin/../lib/gcc/arm-none-eabi/13.3.1/../../../../arm-none-eabi/lib/thumb/v7-m/nofp\libc_nano.a(libc_a-closer.o)
                              D:/STM32/STM32CubeIDE_1.19.0/STM32CubeIDE/plugins/com.st.stm32cube.ide.mcu.externaltools.gnu-tools-for-stm32.13.3.rel1.win32_1.0.0.202411081344/tools/bin/../lib/gcc/arm-none-eabi/13.3.1/../../../../arm-none-eabi/lib/thumb/v7-m/nofp\libc_nano.a(libc_a-stdio.o) (_close_r)
D:/STM32/STM32CubeIDE_1.19.0/STM32CubeIDE/plugins/com.st.stm32cube.ide.mcu.externaltools.gnu-tools-for-stm32.13.3.rel1.win32_1.0.0.202411081344/tools/bin/../lib/gcc/arm-none-eabi/13.3.1/../../../../arm-none-eabi/lib/thumb/v7-m/nofp\libc_nano.a(libc_a-reent.o)
                              D:/STM32/STM32CubeIDE_1.19.0/STM32CubeIDE/plugins/com.st.stm32cube.ide.mcu.externaltools.gnu-tools-for-stm32.13.3.rel1.win32_1.0.0.202411081344/tools/bin/../lib/gcc/arm-none-eabi/13.3.1/../../../../arm-none-eabi/lib/thumb/v7-m/nofp\libc_nano.a(libc_a-closer.o) (errno)
D:/STM32/STM32CubeIDE_1.19.0/STM32CubeIDE/plugins/com.st.stm32cube.ide.mcu.externaltools.gnu-tools-for-stm32.13.3.rel1.win32_1.0.0.202411081344/tools/bin/../lib/gcc/arm-none-eabi/13.3.1/../../../../arm-none-eabi/lib/thumb/v7-m/nofp\libc_nano.a(libc_a-impure.o)
                              D:/STM32/STM32CubeIDE_1.19.0/STM32CubeIDE/plugins/com.st.stm32cube.ide.mcu.externaltools.gnu-tools-for-stm32.13.3.rel1.win32_1.0.0.202411081344/tools/bin/../lib/gcc/arm-none-eabi/13.3.1/../../../../arm-none-eabi/lib/thumb/v7-m/nofp\libc_nano.a(libc_a-reent.o) (_impure_ptr)
[...]
Memory Configuration

Name             Origin             Length             Attributes
RAM              0x20000000         0x00005000         xrw
FLASH            0x08000000         0x00010000         xr
*default*        0x00000000         0xffffffff

Linker script and memory map

LOAD D:/STM32/STM32CubeIDE_1.19.0/STM32CubeIDE/plugins/com.st.stm32cube.ide.mcu.externaltools.gnu-tools-for-stm32.13.3.rel1.win32_1.0.0.202411081344/tools/bin/../lib/gcc/arm-none-eabi/13.3.1/thumb/v7-m/nofp/crti.o
LOAD D:/STM32/STM32CubeIDE_1.19.0/STM32CubeIDE/plugins/com.st.stm32cube.ide.mcu.externaltools.gnu-tools-for-stm32.13.3.rel1.win32_1.0.0.202411081344/tools/bin/../lib/gcc/arm-none-eabi/13.3.1/thumb/v7-m/nofp/crtbegin.o
LOAD D:/STM32/STM32CubeIDE_1.19.0/STM32CubeIDE/plugins/com.st.stm32cube.ide.mcu.externaltools.gnu-tools-for-stm32.13.3.rel1.win32_1.0.0.202411081344/tools/bin/../lib/gcc/arm-none-eabi/13.3.1/../../../../arm-none-eabi/lib/thumb/v7-m/nofp/crt0.o
LOAD ./Core/Src/MotorControl.o
LOAD ./Core/Src/UARTComms.o
LOAD ./Core/Src/dma.o
LOAD ./Core/Src/freertos.o
LOAD ./Core/Src/gpio.o
LOAD ./Core/Src/main.o
LOAD ./Core/Src/pid.o
LOAD ./Core/Src/stm32f1xx_hal_msp.o
LOAD ./Core/Src/stm32f1xx_hal_timebase_tim.o
LOAD ./Core/Src/stm32f1xx_it.o
LOAD ./Core/Src/syscalls.o
LOAD ./Core/Src/sysmem.o
LOAD ./Core/Src/system_stm32f1xx.o
LOAD ./Core/Src/tim.o
LOAD ./Core/Src/usart.o
LOAD ./Core/Src/verification.o
LOAD ./Core/Startup/startup_stm32f103c8tx.o
LOAD ./Drivers/STM32F1xx_HAL_Driver/Src/stm32f1xx_hal.o
LOAD ./Drivers/STM32F1xx_HAL_Driver/Src/stm32f1xx_hal_cortex.o
LOAD ./Drivers/STM32F1xx_HAL_Driver/Src/stm32f1xx_hal_dma.o
LOAD ./Drivers/STM32F1xx_HAL_Driver/Src/stm32f1xx_hal_exti.o
LOAD ./Drivers/STM32F1xx_HAL_Driver/Src/stm32f1xx_hal_flash.o
LOAD ./Drivers/STM32F1xx_HAL_Driver/Src/stm32f1xx_hal_flash_ex.o
LOAD ./Drivers/STM32F1xx_HAL_Driver/Src/stm32f1xx_hal_gpio.o
LOAD ./Drivers/STM32F1xx_HAL_Driver/Src/stm32f1xx_hal_gpio_ex.o
LOAD ./Drivers/STM32F1xx_HAL_Driver/Src/stm32f1xx_hal_pwr.o
LOAD ./Drivers/STM32F1xx_HAL_Driver/Src/stm32f1xx_hal_rcc.o
LOAD ./Drivers/STM32F1xx_HAL_Driver/Src/stm32f1xx_hal_rcc_ex.o
LOAD ./Drivers/STM32F1xx_HAL_Driver/Src/stm32f1xx_hal_tim.o
LOAD ./Drivers/STM32F1xx_HAL_Driver/Src/stm32f1xx_hal_tim_ex.o
LOAD ./Drivers/STM32F1xx_HAL_Driver/Src/stm32f1xx_hal_uart.o
LOAD ./Middlewares/Third_Party/FreeRTOS/Source/CMSIS_RTOS_V2/cmsis_os2.o
LOAD ./Middlewares/Third_Party/FreeRTOS/Source/croutine.o
LOAD ./Middlewares/Third_Party/FreeRTOS/Source/event_groups.o
LOAD ./Middlewares/Third_Party/FreeRTOS/Source/list.o
LOAD ./Middlewares/Third_Party/FreeRTOS/Source/queue.o
LOAD ./Middlewares/Third_Party/FreeRTOS/Source/stream_buffer.o
LOAD ./Middlewares/Third_Party/FreeRTOS/Source/tasks.o
LOAD ./Middlewares/Third_Party/FreeRTOS/Source/timers.o
LOAD ./Middlewares/Third_Party/FreeRTOS/Source/portable/GCC/ARM_CM3/port.o
LOAD ./Middlewares/Third_Party/FreeRTOS/Source/portable/MemMang/heap_4.o
START GROUP
LOAD D:/STM32/STM32CubeIDE_1.19.0/STM32CubeIDE/plugins/com.st.stm32cube.ide.mcu.externaltools.gnu-tools-for-stm32.13.3.rel1.win32_1.0.0.202411081344/tools/bin/../lib/gcc/arm-none-eabi/13.3.1/../../../../arm-none-eabi/lib/thumb/v7-m/nofp\libc_nano.a
LOAD D:/STM32/STM32CubeIDE_1.19.0/STM32CubeIDE/plugins/com.st.stm32cube.ide.mcu.externaltools.gnu-tools-for-stm32.13.3.rel1.win32_1.0.0.202411081344/tools/bin/../lib/gcc/arm-none-eabi/13.3.1/../../../../arm-none-eabi/lib/thumb/v7-m/nofp\libm.a
END GROUP
START GROUP
LOAD D:/STM32/STM32CubeIDE_1.19.0/STM32CubeIDE/plugins/com.st.stm32cube.ide.mcu.externaltools.gnu-tools-for-stm32.13.3.rel1.win32_1.0.0.202411081344/tools/bin/../lib/gcc/arm-none-eabi/13.3.1/thumb/v7-m/nofp\libgcc.a
LOAD D:/STM32/STM32CubeIDE_1.19.0/STM32CubeIDE/plugins/com.st.stm32cube.ide.mcu.externaltools.gnu-tools-for-stm32.13.3.rel1.win32_1.0.0.202411081344/tools/bin/../lib/gcc/arm-none-eabi/13.3.1/../../../../arm-none-eabi/lib/thumb/v7-m/nofp\libc_nano.a
END GROUP
START GROUP
LOAD D:/STM32/STM32CubeIDE_1.19.0/STM32CubeIDE/plugins/com.st.stm32cube.ide.mcu.externaltools.gnu-tools-for-stm32.13.3.rel1.win32_1.0.0.202411081344/tools/bin/../lib/gcc/arm-none-eabi/13.3.1/thumb/v7-m/nofp\libgcc.a
LOAD D:/STM32/STM32CubeIDE_1.19.0/STM32CubeIDE/plugins/com.st.stm32cube.ide.mcu.externaltools.gnu-tools-for-stm32.13.3.rel1.win32_1.0.0.202411081344/tools/bin/../lib/gcc/arm-none-eabi/13.3.1/../../../../arm-none-eabi/lib/thumb/v7-m/nofp\libc_nano.a
LOAD D:/STM32/STM32CubeIDE_1.19.0/STM32CubeIDE/plugins/com.st.stm32cube.ide.mcu.externaltools.gnu-tools-for-stm32.13.3.rel1.win32_1.0.0.202411081344/tools/bin/../lib/gcc/arm-none-eabi/13.3.1/../../../../arm-none-eabi/lib/thumb/v7-m/nofp\libnosys.a
END GROUP
START GROUP
LOAD D:/STM32/STM32CubeIDE_1.19.0/STM32CubeIDE/plugins/com.st.stm32cube.ide.mcu.externaltools.gnu-tools-for-stm32.13.3.rel1.win32_1.0.0.202411081344/tools/bin/../lib/gcc/arm-none-eabi/13.3.1/thumb/v7-m/nofp\libgcc.a
LOAD D:/STM32/STM32CubeIDE_1.19.0/STM32CubeIDE/plugins/com.st.stm32cube.ide.mcu.externaltools.gnu-tools-for-stm32.13.3.rel1.win32_1.0.0.202411081344/tools/bin/../lib/gcc/arm-none-eabi/13.3.1/../../../../arm-none-eabi/lib/thumb/v7-m/nofp\libc_nano.a
LOAD D:/STM32/STM32CubeIDE_1.19.0/STM32CubeIDE/plugins/com.st.stm32cube.ide.mcu.externaltools.gnu-tools-for-stm32.13.3.rel1.win32_1.0.0.202411081344/tools/bin/../lib/gcc/arm-none-eabi/13.3.1/../../../../arm-none-eabi/lib/thumb/v7-m/nofp\libnosys.a
END GROUP
LOAD D:/STM32/STM32CubeIDE_1.19.0/STM32CubeIDE/plugins/com.st.stm32cube.ide.mcu.externaltools.gnu-tools-for-stm32.13.3.rel1.win32_1.0.0.202411081344/tools/bin/../lib/gcc/arm-none-eabi/13.3.1/thumb/v7-m/nofp/crtend.o
LOAD D:/STM32/STM32CubeIDE_1.19.0/STM32CubeIDE/plugins/com.st.stm32cube.ide.mcu.externaltools.gnu-tools-for-stm32.13.3.rel1.win32_1.0.0.202411081344/tools/bin/../lib/gcc/arm-none-eabi/13.3.1/thumb/v7-m/nofp/crtn.o
                0x20005000                        _estack = (ORIGIN (RAM) + LENGTH (RAM))
                0x00000200                        _Min_Heap_Size = 0x200
                0x00000400                        _Min_Stack_Size = 0x400

.isr_vector     0x08000000      0x10c
                0x08000000                        . = ALIGN (0x4)
 *(.isr_vector)
 .isr_vector    0x08000000      0x10c ./Core/Startup/startup_stm32f103c8tx.o
                0x08000000                g_pfnVectors
                0x0800010c                        . = ALIGN (0x4)

.text           0x08000110     0x8288
                0x08000110                        . = ALIGN (0x4)
 *(.text)
 .text          0x08000110       0x40 D:/STM32/STM32CubeIDE_1.19.0/STM32CubeIDE/plugins/com.st.stm32cube.ide.mcu.externaltools.gnu-tools-for-stm32.13.3.rel1.win32_1.0.0.202411081344/tools/bin/../lib/gcc/arm-none-eabi/13.3.1/thumb/v7-m/nofp/crtbegin.o
 .text          0x08000150      0x21c D:/STM32/STM32CubeIDE_1.19.0/STM32CubeIDE/plugins/com.st.stm32cube.ide.mcu.externaltools.gnu-tools-for-stm32.13.3.rel1.win32_1.0.0.202411081344/tools/bin/../lib/gcc/arm-none-eabi/13.3.1/thumb/v7-m/nofp\libgcc.a(_arm_addsubsf3.o)
                0x08000150                __aeabi_frsub
                0x08000158                __subsf3
                0x08000158                __aeabi_fsub
                0x0800015c                __aeabi_fadd
                0x0800015c                __addsf3
                0x080002bc                __aeabi_ui2f
                0x080002bc                __floatunsisf
                0x080002c4                __aeabi_i2f
                0x080002c4                __floatsisf
                0x080002e0                __aeabi_ul2f
                0x080002e0                __floatundisf
                0x080002f0                __aeabi_l2f
                0x080002f0                __floatdisf
 .text          0x0800036c      0x2a0 D:/STM32/STM32CubeIDE_1.19.0/STM32CubeIDE/plugins/com.st.stm32cube.ide.mcu.externaltools.gnu-tools-for-stm32.13.3.rel1.win32_1.0.0.202411081344/tools/bin/../lib/gcc/arm-none-eabi/13.3.1/thumb/v7-m/nofp\libgcc.a(_arm_muldivsf3.o)
                0x0800036c                __mulsf3
                0x0800036c                __aeabi_fmul
                0x080004d4                __aeabi_fdiv
                0x080004d4                __divsf3
 .text          0x0800060c       0xec D:/STM32/STM32CubeIDE_1.19.0/STM32CubeIDE/plugins/com.st.stm32cube.ide.mcu.externaltools.gnu-tools-for-stm32.13.3.rel1.win32_1.0.0.202411081344/tools/bin/../lib/gcc/arm-none-eabi/13.3.1/thumb/v7-m/nofp\libgcc.a(_arm_cmpsf2.o)
                0x0800060c                __gesf2
                0x0800060c                __gtsf2
                0x08000614                __lesf2
                0x08000614                __ltsf2
                0x0800061c                __nesf2
                0x0800061c                __eqsf2
                0x0800061c                __cmpsf2
                0x0800067c                __aeabi_cfrcmple
                0x08000684                __aeabi_cfcmpeq
                0x08000684                __aeabi_cfcmple
                0x08000694                __aeabi_fcmpeq
                0x080006a8                __aeabi_fcmplt
                0x080006bc                __aeabi_fcmple
                0x080006d0                __aeabi_fcmpge
                0x080006e4                __aeabi_fcmpgt
 .text          0x080006f8       0x40 D:/STM32/STM32CubeIDE_1.19.0/STM32CubeIDE/plugins/com.st.stm32cube.ide.mcu.externaltools.gnu-tools-for-stm32.13.3.rel1.win32_1.0.0.202411081344/tools/bin/../lib/gcc/arm-none-eabi/13.3.1/thumb/v7-m/nofp\libgcc.a(_arm_fixunssfsi.o)
                0x080006f8                __fixunssfsi
                0x080006f8                __aeabi_f2uiz
 *(.text*)
 .text.MotorControl_Init
                0x08000738      0x134 ./Core/Src/MotorControl.o
                0x08000738                MotorControl_Init
 .text.Motor_SetState
                0x0800086c      0x140 ./Core/Src/MotorControl.o
                0x0800086c                Motor_SetState
 .text.Motor_SetPWM
                0x080009ac       0x54 ./Core/Src/MotorControl.o
                0x080009ac                Motor_SetPWM
 .text.Motor_Drive
                0x08000a00       0x8e ./Core/Src/MotorControl.o
                0x08000a00                Motor_Drive
 *fill*         0x08000a8e        0x2 
 .text.Motor_RL_ReadEncoder
                0x08000a90       0x28 ./Core/Src/MotorControl.o
                0x08000a90                Motor_RL_ReadEncoder
 .text.Motor_RR_ReadEncoder
                0x08000ab8       0x28 ./Core/Src/MotorControl.o
                0x08000ab8                Motor_RR_ReadEncoder
 .text.Motor_DirFactor
                0x08000ae0       0x2c ./Core/Src/MotorControl.o
                0x08000ae0                Motor_DirFactor
 .text.Motor_UpdateMotor
                0x08000b0c      0x118 ./Core/Src/MotorControl.o
 .text.Motor_RL_Update
                0x08000c24       0x3c ./Core/Src/MotorControl.o
                0x08000c24                Motor_RL_Update
 .text.Motor_RR_Update
                0x08000c60       0x3c ./Core/Src/MotorControl.o
                0x08000c60                Motor_RR_Update
 .text.MotorTask
                0x08000c9c       0x1e ./Core/Src/MotorControl.o
                0x08000c9c                MotorTask
 *fill*         0x08000cba        0x2 
 .text.UARTComms_Transmmit_Data
                0x08000cbc       0x78 ./Core/Src/UARTComms.o
                0x08000cbc                UARTComms_Transmmit_Data
 .text.UARTComms_Receive_Data
                0x08000d34       0x9c ./Core/Src/UARTComms.o
                0x08000d34                UARTComms_Receive_Data
 .text.HAL_UARTEx_RxEventCallback
                0x08000dd0       0x54 ./Core/Src/UARTComms.o
                0x08000dd0                HAL_UARTEx_RxEventCallback
 .text.HAL_UART_ErrorCallback
                0x08000e24       0x2c ./Core/Src/UARTComms.o
                0x08000e24                HAL_UART_ErrorCallback
 .text.UARTComms_Init
                0x08000e50       0x1c ./Core/Src/UARTComms.o
                0x08000e50                UARTComms_Init
 .text.CommsTask
                0x08000e6c       0xd0 ./Core/Src/UARTComms.o
                0x08000e6c                CommsTask
 .text.MX_DMA_Init
                0x08000f3c       0x4c ./Core/Src/dma.o
                0x08000f3c                MX_DMA_Init
 .text.MX_FREERTOS_Init
                0x08000f88       0x40 ./Core/Src/freertos.o
                0x08000f88                MX_FREERTOS_Init
 .text.MX_GPIO_Init
                0x08000fc8       0x98 ./Core/Src/gpio.o
                0x08000fc8                MX_GPIO_Init
 .text.main     0x08001060       0x34 ./Core/Src/main.o
                0x08001060                main
 .text.SystemClock_Config
                0x08001094       0x8a ./Core/Src/main.o
                0x08001094                SystemClock_Config
 *fill*         0x0800111e        0x2 
 .text.HAL_TIM_PeriodElapsedCallback
                0x08001120       0x24 ./Core/Src/main.o
                0x08001120                HAL_TIM_PeriodElapsedCallback
 .text.Error_Handler
                0x08001144        0xc ./Core/Src/main.o
                0x08001144                Error_Handler
 .text.PID_init
                0x08001150       0xcc ./Core/Src/pid.o
                0x08001150                PID_init
 .text.PID_calc
                0x0800121c      0x3fc ./Core/Src/pid.o
                0x0800121c                PID_calc
 .text.HAL_MspInit
                0x08001618       0x70 ./Core/Src/stm32f1xx_hal_msp.o
                0x08001618                HAL_MspInit
 .text.HAL_InitTick
                0x08001688       0xfc ./Core/Src/stm32f1xx_hal_timebase_tim.o
                0x08001688                HAL_InitTick
 .text.NMI_Handler
                0x08001784        0x8 ./Core/Src/stm32f1xx_it.o
                0x08001784                NMI_Handler
 .text.HardFault_Handler
                0x0800178c        0x8 ./Core/Src/stm32f1xx_it.o
                0x0800178c                HardFault_Handler
 .text.MemManage_Handler
                0x08001794        0x8 ./Core/Src/stm32f1xx_it.o
                0x08001794                MemManage_Handler
 .text.BusFault_Handler
                0x0800179c        0x8 ./Core/Src/stm32f1xx_it.o
                0x0800179c                BusFault_Handler
 .text.UsageFault_Handler
                0x080017a4        0x8 ./Core/Src/stm32f1xx_it.o
                0x080017a4                UsageFault_Handler
 .text.DebugMon_Handler
                0x080017ac        0xc ./Core/Src/stm32f1xx_it.o
                0x080017ac                DebugMon_Handler
 .text.DMA1_Channel2_IRQHandler
                0x080017b8       0x14 ./Core/Src/stm32f1xx_it.o
                0x080017b8                DMA1_Channel2_IRQHandler
 .text.DMA1_Channel3_IRQHandler
                0x080017cc       0x14 ./Core/Src/stm32f1xx_it.o
                0x080017cc                DMA1_Channel3_IRQHandler
 .text.TIM4_IRQHandler
                0x080017e0       0x14 ./Core/Src/stm32f1xx_it.o
                0x080017e0                TIM4_IRQHandler
 .text.USART3_IRQHandler
                0x080017f4       0x14 ./Core/Src/stm32f1xx_it.o
                0x080017f4                USART3_IRQHandler
 .text.SystemInit
                0x08001808        0xc ./Core/Src/system_stm32f1xx.o
                0x08001808                SystemInit
 .text.MX_TIM1_Init
                0x08001814      0x11c ./Core/Src/tim.o
                0x08001814                MX_TIM1_Init
 .text.MX_TIM2_Init
                0x08001930       0xa8 ./Core/Src/tim.o
                0x08001930                MX_TIM2_Init
 .text.MX_TIM3_Init
                0x080019d8       0xa8 ./Core/Src/tim.o
                0x080019d8                MX_TIM3_Init
 .text.HAL_TIM_PWM_MspInit
                0x08001a80       0x3c ./Core/Src/tim.o
                0x08001a80                HAL_TIM_PWM_MspInit
 .text.HAL_TIM_Encoder_MspInit
                0x08001abc       0xd0 ./Core/Src/tim.o
                0x08001abc                HAL_TIM_Encoder_MspInit
 .text.HAL_TIM_MspPostInit
                0x08001b8c       0x68 ./Core/Src/tim.o
                0x08001b8c                HAL_TIM_MspPostInit
 .text.MX_USART3_UART_Init
                0x08001bf4       0x54 ./Core/Src/usart.o
                0x08001bf4                MX_USART3_UART_Init
 .text.HAL_UART_MspInit
                0x08001c48      0x154 ./Core/Src/usart.o
                0x08001c48                HAL_UART_MspInit
 .text.Verification_CalculateXOR
                0x08001d9c       0x3e ./Core/Src/verification.o
                0x08001d9c                Verification_CalculateXOR
 .text.Verification_AddXOR
                0x08001dda       0x30 ./Core/Src/verification.o
                0x08001dda                Verification_AddXOR
 .text.Verification_CheckXOR
                0x08001e0a       0x4c ./Core/Src/verification.o
                0x08001e0a                Verification_CheckXOR
 *fill*         0x08001e56        0x2 
 .text.Reset_Handler
                0x08001e58       0x48 ./Core/Startup/startup_stm32f103c8tx.o
                0x08001e58                Reset_Handler
 .text.Default_Handler
                0x08001ea0        0x2 ./Core/Startup/startup_stm32f103c8tx.o
                0x08001ea0                RTC_Alarm_IRQHandler
                0x08001ea0                EXTI2_IRQHandler
                0x08001ea0                TIM1_CC_IRQHandler
                0x08001ea0                PVD_IRQHandler
                0x08001ea0                EXTI3_IRQHandler
                0x08001ea0                EXTI0_IRQHandler
                0x08001ea0                I2C2_EV_IRQHandler
                0x08001ea0                ADC1_2_IRQHandler
                0x08001ea0                SPI1_IRQHandler
                0x08001ea0                TAMPER_IRQHandler
                0x08001ea0                DMA1_Channel4_IRQHandler
                0x08001ea0                RTC_IRQHandler
                0x08001ea0                DMA1_Channel7_IRQHandler
                0x08001ea0                CAN1_RX1_IRQHandler
                0x08001ea0                I2C1_EV_IRQHandler
                0x08001ea0                DMA1_Channel6_IRQHandler
                0x08001ea0                TIM3_IRQHandler
                0x08001ea0                RCC_IRQHandler
                0x08001ea0                TIM1_TRG_COM_IRQHandler
                0x08001ea0                DMA1_Channel1_IRQHandler
                0x08001ea0                Default_Handler
                0x08001ea0                EXTI15_10_IRQHandler
                0x08001ea0                EXTI9_5_IRQHandler
                0x08001ea0                SPI2_IRQHandler
                0x08001ea0                DMA1_Channel5_IRQHandler
                0x08001ea0                EXTI4_IRQHandler
                0x08001ea0                USB_LP_CAN1_RX0_IRQHandler
                0x08001ea0                USB_HP_CAN1_TX_IRQHandler
                0x08001ea0                TIM1_UP_IRQHandler
                0x08001ea0                WWDG_IRQHandler
                0x08001ea0                TIM2_IRQHandler
                0x08001ea0                TIM1_BRK_IRQHandler
                0x08001ea0                EXTI1_IRQHandler
                0x08001ea0                USART2_IRQHandler
                0x08001ea0                I2C2_ER_IRQHandler
                0x08001ea0                CAN1_SCE_IRQHandler
                0x08001ea0                FLASH_IRQHandler
                0x08001ea0                USART1_IRQHandler
                0x08001ea0                I2C1_ER_IRQHandler
                0x08001ea0                USBWakeUp_IRQHandler
 *fill*         0x08001ea2        0x2 
 .text.HAL_Init
                0x08001ea4       0x2c ./Drivers/STM32F1xx_HAL_Driver/Src/stm32f1xx_hal.o
                0x08001ea4                HAL_Init
 .text.HAL_IncTick
                0x08001ed0       0x24 ./Drivers/STM32F1xx_HAL_Driver/Src/stm32f1xx_hal.o
                0x08001ed0                HAL_IncTick
 .text.HAL_GetTick
                0x08001ef4       0x14 ./Drivers/STM32F1xx_HAL_Driver/Src/stm32f1xx_hal.o
                0x08001ef4                HAL_GetTick
 .text.__NVIC_SetPriorityGrouping
                0x08001f08       0x48 ./Drivers/STM32F1xx_HAL_Driver/Src/stm32f1xx_hal_cortex.o
 .text.__NVIC_GetPriorityGrouping
                0x08001f50       0x1c ./Drivers/STM32F1xx_HAL_Driver/Src/stm32f1xx_hal_cortex.o
 .text.__NVIC_EnableIRQ
                0x08001f6c       0x38 ./Drivers/STM32F1xx_HAL_Driver/Src/stm32f1xx_hal_cortex.o
 .text.__NVIC_SetPriority
                0x08001fa4       0x54 ./Drivers/STM32F1xx_HAL_Driver/Src/stm32f1xx_hal_cortex.o
 .text.NVIC_EncodePriority
                0x08001ff8       0x64 ./Drivers/STM32F1xx_HAL_Driver/Src/stm32f1xx_hal_cortex.o
 .text.HAL_NVIC_SetPriorityGrouping
                0x0800205c       0x16 ./Drivers/STM32F1xx_HAL_Driver/Src/stm32f1xx_hal_cortex.o
                0x0800205c                HAL_NVIC_SetPriorityGrouping
 .text.HAL_NVIC_SetPriority
                0x08002072       0x38 ./Drivers/STM32F1xx_HAL_Driver/Src/stm32f1xx_hal_cortex.o
                0x08002072                HAL_NVIC_SetPriority
 .text.HAL_NVIC_EnableIRQ
                0x080020aa       0x1c ./Drivers/STM32F1xx_HAL_Driver/Src/stm32f1xx_hal_cortex.o
                0x080020aa                HAL_NVIC_EnableIRQ
 *fill*         0x080020c6        0x2 
 .text.HAL_DMA_Init
                0x080020c8       0xb4 ./Drivers/STM32F1xx_HAL_Driver/Src/stm32f1xx_hal_dma.o
                0x080020c8                HAL_DMA_Init
 .text.HAL_DMA_Start_IT
                0x0800217c       0xc0 ./Drivers/STM32F1xx_HAL_Driver/Src/stm32f1xx_hal_dma.o
                0x0800217c                HAL_DMA_Start_IT
 .text.HAL_DMA_Abort
                0x0800223c       0x76 ./Drivers/STM32F1xx_HAL_Driver/Src/stm32f1xx_hal_dma.o
                0x0800223c                HAL_DMA_Abort
 *fill*         0x080022b2        0x2 
 .text.HAL_DMA_Abort_IT
                0x080022b4       0xf0 ./Drivers/STM32F1xx_HAL_Driver/Src/stm32f1xx_hal_dma.o
                0x080022b4                HAL_DMA_Abort_IT
 .text.HAL_DMA_IRQHandler
                0x080023a4      0x20c ./Drivers/STM32F1xx_HAL_Driver/Src/stm32f1xx_hal_dma.o
                0x080023a4                HAL_DMA_IRQHandler
 .text.DMA_SetConfig
                0x080025b0       0x5a ./Drivers/STM32F1xx_HAL_Driver/Src/stm32f1xx_hal_dma.o
 *fill*         0x0800260a        0x2 
 .text.HAL_GPIO_Init
                0x0800260c      0x308 ./Drivers/STM32F1xx_HAL_Driver/Src/stm32f1xx_hal_gpio.o
                0x0800260c                HAL_GPIO_Init
 .text.HAL_GPIO_WritePin
                0x08002914       0x30 ./Drivers/STM32F1xx_HAL_Driver/Src/stm32f1xx_hal_gpio.o
                0x08002914                HAL_GPIO_WritePin
 .text.HAL_RCC_OscConfig
                0x08002944      0x504 ./Drivers/STM32F1xx_HAL_Driver/Src/stm32f1xx_hal_rcc.o
                0x08002944                HAL_RCC_OscConfig
 .text.HAL_RCC_ClockConfig
                0x08002e48      0x1d4 ./Drivers/STM32F1xx_HAL_Driver/Src/stm32f1xx_hal_rcc.o
                0x08002e48                HAL_RCC_ClockConfig
 .text.HAL_RCC_GetSysClockFreq
                0x0800301c       0xa8 ./Drivers/STM32F1xx_HAL_Driver/Src/stm32f1xx_hal_rcc.o
                0x0800301c                HAL_RCC_GetSysClockFreq
 .text.HAL_RCC_GetHCLKFreq
                0x080030c4       0x14 ./Drivers/STM32F1xx_HAL_Driver/Src/stm32f1xx_hal_rcc.o
                0x080030c4                HAL_RCC_GetHCLKFreq
 .text.HAL_RCC_GetPCLK1Freq
                0x080030d8       0x28 ./Drivers/STM32F1xx_HAL_Driver/Src/stm32f1xx_hal_rcc.o
                0x080030d8                HAL_RCC_GetPCLK1Freq
 .text.HAL_RCC_GetPCLK2Freq
                0x08003100       0x28 ./Drivers/STM32F1xx_HAL_Driver/Src/stm32f1xx_hal_rcc.o
                0x08003100                HAL_RCC_GetPCLK2Freq
 .text.HAL_RCC_GetClockConfig
                0x08003128       0x60 ./Drivers/STM32F1xx_HAL_Driver/Src/stm32f1xx_hal_rcc.o
                0x08003128                HAL_RCC_GetClockConfig
 .text.RCC_Delay
                0x08003188       0x3c ./Drivers/STM32F1xx_HAL_Driver/Src/stm32f1xx_hal_rcc.o
 .text.HAL_TIM_Base_Init
                0x080031c4       0x9e ./Drivers/STM32F1xx_HAL_Driver/Src/stm32f1xx_hal_tim.o
                0x080031c4                HAL_TIM_Base_Init
 .text.HAL_TIM_Base_MspInit
                0x08003262       0x12 ./Drivers/STM32F1xx_HAL_Driver/Src/stm32f1xx_hal_tim.o
                0x08003262                HAL_TIM_Base_MspInit
 .text.HAL_TIM_Base_Start_IT
                0x08003274       0xa4 ./Drivers/STM32F1xx_HAL_Driver/Src/stm32f1xx_hal_tim.o
                0x08003274                HAL_TIM_Base_Start_IT
 .text.HAL_TIM_PWM_Init
                0x08003318       0x9e ./Drivers/STM32F1xx_HAL_Driver/Src/stm32f1xx_hal_tim.o
                0x08003318                HAL_TIM_PWM_Init
 *fill*         0x080033b6        0x2 
 .text.HAL_TIM_PWM_Start
                0x080033b8      0x144 ./Drivers/STM32F1xx_HAL_Driver/Src/stm32f1xx_hal_tim.o
                0x080033b8                HAL_TIM_PWM_Start
 .text.HAL_TIM_Encoder_Init
                0x080034fc      0x144 ./Drivers/STM32F1xx_HAL_Driver/Src/stm32f1xx_hal_tim.o
                0x080034fc                HAL_TIM_Encoder_Init
 .text.HAL_TIM_Encoder_Start
                0x08003640      0x11c ./Drivers/STM32F1xx_HAL_Driver/Src/stm32f1xx_hal_tim.o
                0x08003640                HAL_TIM_Encoder_Start
 .text.HAL_TIM_IRQHandler
                0x0800375c      0x1e0 ./Drivers/STM32F1xx_HAL_Driver/Src/stm32f1xx_hal_tim.o
                0x0800375c                HAL_TIM_IRQHandler
 .text.HAL_TIM_PWM_ConfigChannel
                0x0800393c      0x184 ./Drivers/STM32F1xx_HAL_Driver/Src/stm32f1xx_hal_tim.o
                0x0800393c                HAL_TIM_PWM_ConfigChannel
 .text.HAL_TIM_OC_DelayElapsedCallback
                0x08003ac0       0x12 ./Drivers/STM32F1xx_HAL_Driver/Src/stm32f1xx_hal_tim.o
                0x08003ac0                HAL_TIM_OC_DelayElapsedCallback
 .text.HAL_TIM_IC_CaptureCallback
                0x08003ad2       0x12 ./Drivers/STM32F1xx_HAL_Driver/Src/stm32f1xx_hal_tim.o
                0x08003ad2                HAL_TIM_IC_CaptureCallback
 .text.HAL_TIM_PWM_PulseFinishedCallback
                0x08003ae4       0x12 ./Drivers/STM32F1xx_HAL_Driver/Src/stm32f1xx_hal_tim.o
                0x08003ae4                HAL_TIM_PWM_PulseFinishedCallback
 .text.HAL_TIM_TriggerCallback
                0x08003af6       0x12 ./Drivers/STM32F1xx_HAL_Driver/Src/stm32f1xx_hal_tim.o
                0x08003af6                HAL_TIM_TriggerCallback
 .text.TIM_Base_SetConfig
                0x08003b08       0xdc ./Drivers/STM32F1xx_HAL_Driver/Src/stm32f1xx_hal_tim.o
                0x08003b08                TIM_Base_SetConfig
 .text.TIM_OC1_SetConfig
                0x08003be4       0xcc ./Drivers/STM32F1xx_HAL_Driver/Src/stm32f1xx_hal_tim.o
 .text.TIM_OC2_SetConfig
                0x08003cb0       0xd4 ./Drivers/STM32F1xx_HAL_Driver/Src/stm32f1xx_hal_tim.o
                0x08003cb0                TIM_OC2_SetConfig
 .text.TIM_OC3_SetConfig
                0x08003d84       0xd4 ./Drivers/STM32F1xx_HAL_Driver/Src/stm32f1xx_hal_tim.o
 .text.TIM_OC4_SetConfig
                0x08003e58       0x9c ./Drivers/STM32F1xx_HAL_Driver/Src/stm32f1xx_hal_tim.o
 .text.TIM_CCxChannelCmd
                0x08003ef4       0x48 ./Drivers/STM32F1xx_HAL_Driver/Src/stm32f1xx_hal_tim.o
                0x08003ef4                TIM_CCxChannelCmd
 .text.HAL_TIMEx_MasterConfigSynchronization
                0x08003f3c       0xbc ./Drivers/STM32F1xx_HAL_Driver/Src/stm32f1xx_hal_tim_ex.o
                0x08003f3c                HAL_TIMEx_MasterConfigSynchronization
 .text.HAL_TIMEx_ConfigBreakDeadTime
                0x08003ff8       0xa2 ./Drivers/STM32F1xx_HAL_Driver/Src/stm32f1xx_hal_tim_ex.o
                0x08003ff8                HAL_TIMEx_ConfigBreakDeadTime
 .text.HAL_TIMEx_CommutCallback
                0x0800409a       0x12 ./Drivers/STM32F1xx_HAL_Driver/Src/stm32f1xx_hal_tim_ex.o
                0x0800409a                HAL_TIMEx_CommutCallback
 .text.HAL_TIMEx_BreakCallback
                0x080040ac       0x12 ./Drivers/STM32F1xx_HAL_Driver/Src/stm32f1xx_hal_tim_ex.o
                0x080040ac                HAL_TIMEx_BreakCallback
 .text.HAL_UART_Init
                0x080040be       0xa0 ./Drivers/STM32F1xx_HAL_Driver/Src/stm32f1xx_hal_uart.o
                0x080040be                HAL_UART_Init
 .text.HAL_UART_Transmit
                0x0800415e      0x116 ./Drivers/STM32F1xx_HAL_Driver/Src/stm32f1xx_hal_uart.o
                0x0800415e                HAL_UART_Transmit
 .text.HAL_UART_Transmit_DMA
                0x08004274       0xe0 ./Drivers/STM32F1xx_HAL_Driver/Src/stm32f1xx_hal_uart.o
                0x08004274                HAL_UART_Transmit_DMA
 .text.HAL_UARTEx_ReceiveToIdle_DMA
                0x08004354       0xb2 ./Drivers/STM32F1xx_HAL_Driver/Src/stm32f1xx_hal_uart.o
                0x08004354                HAL_UARTEx_ReceiveToIdle_DMA
 *fill*         0x08004406        0x2 
 .text.HAL_UART_IRQHandler
                0x08004408      0x524 ./Drivers/STM32F1xx_HAL_Driver/Src/stm32f1xx_hal_uart.o
                0x08004408                HAL_UART_IRQHandler
 .text.HAL_UART_TxCpltCallback
                0x0800492c       0x12 ./Drivers/STM32F1xx_HAL_Driver/Src/stm32f1xx_hal_uart.o
                0x0800492c                HAL_UART_TxCpltCallback
 .text.HAL_UART_TxHalfCpltCallback
                0x0800493e       0x12 ./Drivers/STM32F1xx_HAL_Driver/Src/stm32f1xx_hal_uart.o
                0x0800493e                HAL_UART_TxHalfCpltCallback
 .text.HAL_UART_RxCpltCallback
                0x08004950       0x12 ./Drivers/STM32F1xx_HAL_Driver/Src/stm32f1xx_hal_uart.o
                0x08004950                HAL_UART_RxCpltCallback
 .text.HAL_UART_RxHalfCpltCallback
                0x08004962       0x12 ./Drivers/STM32F1xx_HAL_Driver/Src/stm32f1xx_hal_uart.o
                0x08004962                HAL_UART_RxHalfCpltCallback
 .text.UART_DMATransmitCplt
                0x08004974       0x9a ./Drivers/STM32F1xx_HAL_Driver/Src/stm32f1xx_hal_uart.o
 .text.UART_DMATxHalfCplt
                0x08004a0e       0x1c ./Drivers/STM32F1xx_HAL_Driver/Src/stm32f1xx_hal_uart.o
 .text.UART_DMAReceiveCplt
                0x08004a2a      0x12c ./Drivers/STM32F1xx_HAL_Driver/Src/stm32f1xx_hal_uart.o
 .text.UART_DMARxHalfCplt
                0x08004b56       0x3c ./Drivers/STM32F1xx_HAL_Driver/Src/stm32f1xx_hal_uart.o
 .text.UART_DMAError
                0x08004b92       0x94 ./Drivers/STM32F1xx_HAL_Driver/Src/stm32f1xx_hal_uart.o
 .text.UART_WaitOnFlagUntilTimeout
                0x08004c26       0xb2 ./Drivers/STM32F1xx_HAL_Driver/Src/stm32f1xx_hal_uart.o
 .text.UART_Start_Receive_DMA
                0x08004cd8      0x134 ./Drivers/STM32F1xx_HAL_Driver/Src/stm32f1xx_hal_uart.o
                0x08004cd8                UART_Start_Receive_DMA
 .text.UART_EndTxTransfer
                0x08004e0c       0x4e ./Drivers/STM32F1xx_HAL_Driver/Src/stm32f1xx_hal_uart.o
 .text.UART_EndRxTransfer
                0x08004e5a       0xc4 ./Drivers/STM32F1xx_HAL_Driver/Src/stm32f1xx_hal_uart.o
 .text.UART_DMAAbortOnError
                0x08004f1e       0x28 ./Drivers/STM32F1xx_HAL_Driver/Src/stm32f1xx_hal_uart.o
 .text.UART_Transmit_IT
                0x08004f46       0x9e ./Drivers/STM32F1xx_HAL_Driver/Src/stm32f1xx_hal_uart.o
 .text.UART_EndTransmit_IT
                0x08004fe4       0x30 ./Drivers/STM32F1xx_HAL_Driver/Src/stm32f1xx_hal_uart.o
 .text.UART_Receive_IT
                0x08005014      0x17c ./Drivers/STM32F1xx_HAL_Driver/Src/stm32f1xx_hal_uart.o
 .text.UART_SetConfig
                0x08005190      0x11c ./Drivers/STM32F1xx_HAL_Driver/Src/stm32f1xx_hal_uart.o
 .text.__NVIC_SetPriority
                0x080052ac       0x54 ./Middlewares/Third_Party/FreeRTOS/Source/CMSIS_RTOS_V2/cmsis_os2.o
 .text.SysTick_Handler
                0x08005300       0x20 ./Middlewares/Third_Party/FreeRTOS/Source/CMSIS_RTOS_V2/cmsis_os2.o
                0x08005300                SysTick_Handler
 .text.SVC_Setup
                0x08005320       0x12 ./Middlewares/Third_Party/FreeRTOS/Source/CMSIS_RTOS_V2/cmsis_os2.o
 *fill*         0x08005332        0x2 
 .text.osKernelInitialize
                0x08005334       0x44 ./Middlewares/Third_Party/FreeRTOS/Source/CMSIS_RTOS_V2/cmsis_os2.o
                0x08005334                osKernelInitialize
 .text.osKernelStart
                0x08005378       0x4c ./Middlewares/Third_Party/FreeRTOS/Source/CMSIS_RTOS_V2/cmsis_os2.o
                0x08005378                osKernelStart
 .text.osThreadNew
                0x080053c4      0x124 ./Middlewares/Third_Party/FreeRTOS/Source/CMSIS_RTOS_V2/cmsis_os2.o
                0x080053c4                osThreadNew
 .text.osThreadFlagsSet
                0x080054e8       0x9c ./Middlewares/Third_Party/FreeRTOS/Source/CMSIS_RTOS_V2/cmsis_os2.o
                0x080054e8                osThreadFlagsSet
 .text.osThreadFlagsWait
                0x08005584      0x102 ./Middlewares/Third_Party/FreeRTOS/Source/CMSIS_RTOS_V2/cmsis_os2.o
                0x08005584                osThreadFlagsWait
 .text.osDelay  0x08005686       0x36 ./Middlewares/Third_Party/FreeRTOS/Source/CMSIS_RTOS_V2/cmsis_os2.o
                0x08005686                osDelay
 .text.vApplicationGetIdleTaskMemory
                0x080056bc       0x30 ./Middlewares/Third_Party/FreeRTOS/Source/CMSIS_RTOS_V2/cmsis_os2.o
                0x080056bc                vApplicationGetIdleTaskMemory
 .text.vApplicationGetTimerTaskMemory
                0x080056ec       0x34 ./Middlewares/Third_Party/FreeRTOS/Source/CMSIS_RTOS_V2/cmsis_os2.o
                0x080056ec                vApplicationGetTimerTaskMemory
 .text.vListInitialise
                0x08005720       0x3e ./Middlewares/Third_Party/FreeRTOS/Source/list.o
                0x08005720                vListInitialise
 .text.vListInitialiseItem
                0x0800575e       0x18 ./Middlewares/Third_Party/FreeRTOS/Source/list.o
                0x0800575e                vListInitialiseItem
 .text.vListInsertEnd
                0x08005776       0x46 ./Middlewares/Third_Party/FreeRTOS/Source/list.o
                0x08005776                vListInsertEnd
 .text.vListInsert
                0x080057bc       0x70 ./Middlewares/Third_Party/FreeRTOS/Source/list.o
                0x080057bc                vListInsert
 .text.uxListRemove
                0x0800582c       0x52 ./Middlewares/Third_Party/FreeRTOS/Source/list.o
                0x0800582c                uxListRemove
 *fill*         0x0800587e        0x2 
 .text.xQueueGenericReset
                0x08005880       0xd4 ./Middlewares/Third_Party/FreeRTOS/Source/queue.o
                0x08005880                xQueueGenericReset
 .text.xQueueGenericCreateStatic
                0x08005954       0xfa ./Middlewares/Third_Party/FreeRTOS/Source/queue.o
                0x08005954                xQueueGenericCreateStatic
 .text.prvInitialiseNewQueue
                0x08005a4e       0x46 ./Middlewares/Third_Party/FreeRTOS/Source/queue.o
 .text.xQueueGenericSend
                0x08005a94      0x204 ./Middlewares/Third_Party/FreeRTOS/Source/queue.o
                0x08005a94                xQueueGenericSend
 .text.xQueueGenericSendFromISR
                0x08005c98      0x13c ./Middlewares/Third_Party/FreeRTOS/Source/queue.o
                0x08005c98                xQueueGenericSendFromISR
 .text.xQueueReceive
                0x08005dd4      0x1c4 ./Middlewares/Third_Party/FreeRTOS/Source/queue.o
                0x08005dd4                xQueueReceive
 .text.prvCopyDataToQueue
                0x08005f98       0xd4 ./Middlewares/Third_Party/FreeRTOS/Source/queue.o
 .text.prvCopyDataFromQueue
                0x0800606c       0x4c ./Middlewares/Third_Party/FreeRTOS/Source/queue.o
 .text.prvUnlockQueue
                0x080060b8       0xa4 ./Middlewares/Third_Party/FreeRTOS/Source/queue.o
 .text.prvIsQueueEmpty
                0x0800615c       0x2c ./Middlewares/Third_Party/FreeRTOS/Source/queue.o
 .text.prvIsQueueFull
                0x08006188       0x30 ./Middlewares/Third_Party/FreeRTOS/Source/queue.o
 .text.vQueueAddToRegistry
                0x080061b8       0x50 ./Middlewares/Third_Party/FreeRTOS/Source/queue.o
                0x080061b8                vQueueAddToRegistry
 .text.vQueueWaitForMessageRestricted
                0x08006208       0x68 ./Middlewares/Third_Party/FreeRTOS/Source/queue.o
                0x08006208                vQueueWaitForMessageRestricted
 .text.xTaskCreateStatic
                0x08006270       0xc0 ./Middlewares/Third_Party/FreeRTOS/Source/tasks.o
                0x08006270                xTaskCreateStatic
 .text.xTaskCreate
                0x08006330       0x8a ./Middlewares/Third_Party/FreeRTOS/Source/tasks.o
                0x08006330                xTaskCreate
 .text.prvInitialiseNewTask
                0x080063ba      0x120 ./Middlewares/Third_Party/FreeRTOS/Source/tasks.o
 *fill*         0x080064da        0x2 
 .text.prvAddNewTaskToReadyList
                0x080064dc       0xe0 ./Middlewares/Third_Party/FreeRTOS/Source/tasks.o
 .text.vTaskDelay
                0x080065bc       0x6c ./Middlewares/Third_Party/FreeRTOS/Source/tasks.o
                0x080065bc                vTaskDelay
 .text.vTaskStartScheduler
                0x08006628       0xd0 ./Middlewares/Third_Party/FreeRTOS/Source/tasks.o
                0x08006628                vTaskStartScheduler
 .text.vTaskSuspendAll
                0x080066f8       0x1c ./Middlewares/Third_Party/FreeRTOS/Source/tasks.o
                0x080066f8                vTaskSuspendAll
 .text.xTaskResumeAll
                0x08006714      0x13c ./Middlewares/Third_Party/FreeRTOS/Source/tasks.o
                0x08006714                xTaskResumeAll
 .text.xTaskGetTickCount
                0x08006850       0x1c ./Middlewares/Third_Party/FreeRTOS/Source/tasks.o
                0x08006850                xTaskGetTickCount
 .text.xTaskIncrementTick
                0x0800686c      0x174 ./Middlewares/Third_Party/FreeRTOS/Source/tasks.o
                0x0800686c                xTaskIncrementTick
 .text.vTaskSwitchContext
                0x080069e0       0xbc ./Middlewares/Third_Party/FreeRTOS/Source/tasks.o
                0x080069e0                vTaskSwitchContext
 .text.vTaskPlaceOnEventList
                0x08006a9c       0x4c ./Middlewares/Third_Party/FreeRTOS/Source/tasks.o
                0x08006a9c                vTaskPlaceOnEventList
 .text.vTaskPlaceOnEventListRestricted
                0x08006ae8       0x58 ./Middlewares/Third_Party/FreeRTOS/Source/tasks.o
                0x08006ae8                vTaskPlaceOnEventListRestricted
 .text.xTaskRemoveFromEventList
                0x08006b40       0xc8 ./Middlewares/Third_Party/FreeRTOS/Source/tasks.o
                0x08006b40                xTaskRemoveFromEventList
 .text.vTaskInternalSetTimeOutState
                0x08006c08       0x2c ./Middlewares/Third_Party/FreeRTOS/Source/tasks.o
                0x08006c08                vTaskInternalSetTimeOutState
 .text.xTaskCheckForTimeOut
                0x08006c34       0xc8 ./Middlewares/Third_Party/FreeRTOS/Source/tasks.o
                0x08006c34                xTaskCheckForTimeOut
 .text.vTaskMissedYield
                0x08006cfc       0x18 ./Middlewares/Third_Party/FreeRTOS/Source/tasks.o
                0x08006cfc                vTaskMissedYield
 .text.prvIdleTask
                0x08006d14       0x30 ./Middlewares/Third_Party/FreeRTOS/Source/tasks.o
 .text.prvInitialiseTaskLists
                0x08006d44       0x80 ./Middlewares/Third_Party/FreeRTOS/Source/tasks.o
 .text.prvCheckTasksWaitingTermination
                0x08006dc4       0x5c ./Middlewares/Third_Party/FreeRTOS/Source/tasks.o
 .text.prvDeleteTCB
                0x08006e20       0x60 ./Middlewares/Third_Party/FreeRTOS/Source/tasks.o
 .text.prvResetNextTaskUnblockTime
                0x08006e80       0x40 ./Middlewares/Third_Party/FreeRTOS/Source/tasks.o
 .text.xTaskGetSchedulerState
                0x08006ec0       0x3c ./Middlewares/Third_Party/FreeRTOS/Source/tasks.o
                0x08006ec0                xTaskGetSchedulerState
 .text.xTaskPriorityDisinherit
                0x08006efc       0xe0 ./Middlewares/Third_Party/FreeRTOS/Source/tasks.o
                0x08006efc                xTaskPriorityDisinherit
 .text.xTaskNotifyWait
                0x08006fdc       0xb4 ./Middlewares/Third_Party/FreeRTOS/Source/tasks.o
                0x08006fdc                xTaskNotifyWait
 .text.xTaskGenericNotify
                0x08007090      0x174 ./Middlewares/Third_Party/FreeRTOS/Source/tasks.o
                0x08007090                xTaskGenericNotify
 .text.xTaskGenericNotifyFromISR
                0x08007204      0x1c0 ./Middlewares/Third_Party/FreeRTOS/Source/tasks.o
                0x08007204                xTaskGenericNotifyFromISR
 .text.prvAddCurrentTaskToDelayedList
                0x080073c4       0xa8 ./Middlewares/Third_Party/FreeRTOS/Source/tasks.o
 .text.xTimerCreateTimerTask
                0x0800746c       0x94 ./Middlewares/Third_Party/FreeRTOS/Source/timers.o
                0x0800746c                xTimerCreateTimerTask
 .text.xTimerGenericCommand
                0x08007500       0x9c ./Middlewares/Third_Party/FreeRTOS/Source/timers.o
                0x08007500                xTimerGenericCommand
 .text.prvProcessExpiredTimer
                0x0800759c       0x9c ./Middlewares/Third_Party/FreeRTOS/Source/timers.o
 .text.prvTimerTask
                0x08007638       0x26 ./Middlewares/Third_Party/FreeRTOS/Source/timers.o
 *fill*         0x0800765e        0x2 
 .text.prvProcessTimerOrBlockTask
                0x08007660       0x9c ./Middlewares/Third_Party/FreeRTOS/Source/timers.o
 .text.prvGetNextExpireTime
                0x080076fc       0x44 ./Middlewares/Third_Party/FreeRTOS/Source/timers.o
 .text.prvSampleTimeNow
                0x08007740       0x40 ./Middlewares/Third_Party/FreeRTOS/Source/timers.o
 .text.prvInsertTimerInActiveList
                0x08007780       0x84 ./Middlewares/Third_Party/FreeRTOS/Source/timers.o
 .text.prvProcessReceivedCommands
                0x08007804      0x1cc ./Middlewares/Third_Party/FreeRTOS/Source/timers.o
 .text.prvSwitchTimerLists
                0x080079d0       0xcc ./Middlewares/Third_Party/FreeRTOS/Source/timers.o
 .text.prvCheckForValidListAndQueue
                0x08007a9c       0x80 ./Middlewares/Third_Party/FreeRTOS/Source/timers.o
 .text.pxPortInitialiseStack
                0x08007b1c       0x58 ./Middlewares/Third_Party/FreeRTOS/Source/portable/GCC/ARM_CM3/port.o
                0x08007b1c                pxPortInitialiseStack
 .text.prvTaskExitError
                0x08007b74       0x58 ./Middlewares/Third_Party/FreeRTOS/Source/portable/GCC/ARM_CM3/port.o
 *fill*         0x08007bcc        0x4 
 .text.SVC_Handler
                0x08007bd0       0x28 ./Middlewares/Third_Party/FreeRTOS/Source/portable/GCC/ARM_CM3/port.o
                0x08007bd0                SVC_Handler
 .text.prvPortStartFirstTask
                0x08007bf8       0x20 ./Middlewares/Third_Party/FreeRTOS/Source/portable/GCC/ARM_CM3/port.o
 .text.xPortStartScheduler
                0x08007c18       0xe4 ./Middlewares/Third_Party/FreeRTOS/Source/portable/GCC/ARM_CM3/port.o
                0x08007c18                xPortStartScheduler
 .text.vPortEnterCritical
                0x08007cfc       0x60 ./Middlewares/Third_Party/FreeRTOS/Source/portable/GCC/ARM_CM3/port.o
                0x08007cfc                vPortEnterCritical
 .text.vPortExitCritical
                0x08007d5c       0x54 ./Middlewares/Third_Party/FreeRTOS/Source/portable/GCC/ARM_CM3/port.o
                0x08007d5c                vPortExitCritical
 .text.PendSV_Handler
                0x08007db0       0x48 ./Middlewares/Third_Party/FreeRTOS/Source/portable/GCC/ARM_CM3/port.o
                0x08007db0                PendSV_Handler
 .text.xPortSysTickHandler
                0x08007df8       0x44 ./Middlewares/Third_Party/FreeRTOS/Source/portable/GCC/ARM_CM3/port.o
                0x08007df8                xPortSysTickHandler
 .text.vPortSetupTimerInterrupt
                0x08007e3c       0x44 ./Middlewares/Third_Party/FreeRTOS/Source/portable/GCC/ARM_CM3/port.o
                0x08007e3c                vPortSetupTimerInterrupt
 .text.vPortValidateInterruptPriority
                0x08007e80       0x80 ./Middlewares/Third_Party/FreeRTOS/Source/portable/GCC/ARM_CM3/port.o
                0x08007e80                vPortValidateInterruptPriority
 .text.pvPortMalloc
                0x08007f00      0x19c ./Middlewares/Third_Party/FreeRTOS/Source/portable/MemMang/heap_4.o
                0x08007f00                pvPortMalloc
 .text.vPortFree
                0x0800809c       0xc8 ./Middlewares/Third_Party/FreeRTOS/Source/portable/MemMang/heap_4.o
                0x0800809c                vPortFree
 .text.prvHeapInit
                0x08008164       0xc4 ./Middlewares/Third_Party/FreeRTOS/Source/portable/MemMang/heap_4.o
 .text.prvInsertBlockIntoFreeList
                0x08008228       0xb0 ./Middlewares/Third_Party/FreeRTOS/Source/portable/MemMang/heap_4.o
 .text.memmove  0x080082d8       0x34 D:/STM32/STM32CubeIDE_1.19.0/STM32CubeIDE/plugins/com.st.stm32cube.ide.mcu.externaltools.gnu-tools-for-stm32.13.3.rel1.win32_1.0.0.202411081344/tools/bin/../lib/gcc/arm-none-eabi/13.3.1/../../../../arm-none-eabi/lib/thumb/v7-m/nofp\libc_nano.a(libc_a-memmove.o)
                0x080082d8                memmove
 .text.memset   0x0800830c       0x10 D:/STM32/STM32CubeIDE_1.19.0/STM32CubeIDE/plugins/com.st.stm32cube.ide.mcu.externaltools.gnu-tools-for-stm32.13.3.rel1.win32_1.0.0.202411081344/tools/bin/../lib/gcc/arm-none-eabi/13.3.1/../../../../arm-none-eabi/lib/thumb/v7-m/nofp\libc_nano.a(libc_a-memset.o)
                0x0800830c                memset
 .text.__libc_init_array
                0x0800831c       0x48 D:/STM32/STM32CubeIDE_1.19.0/STM32CubeIDE/plugins/com.st.stm32cube.ide.mcu.externaltools.gnu-tools-for-stm32.13.3.rel1.win32_1.0.0.202411081344/tools/bin/../lib/gcc/arm-none-eabi/13.3.1/../../../../arm-none-eabi/lib/thumb/v7-m/nofp\libc_nano.a(libc_a-init.o)
                0x0800831c                __libc_init_array
 .text.memcpy   0x08008364       0x1c D:/STM32/STM32CubeIDE_1.19.0/STM32CubeIDE/plugins/com.st.stm32cube.ide.mcu.externaltools.gnu-tools-for-stm32.13.3.rel1.win32_1.0.0.202411081344/tools/bin/../lib/gcc/arm-none-eabi/13.3.1/../../../../arm-none-eabi/lib/thumb/v7-m/nofp\libc_nano.a(libc_a-memcpy-stub.o)
                0x08008364                memcpy
 *(.glue_7)
 .glue_7        0x08008380        0x0 linker stubs
 *(.glue_7t)
 .glue_7t       0x08008380        0x0 linker stubs
 *(.eh_frame)
 .eh_frame      0x08008380        0x0 D:/STM32/STM32CubeIDE_1.19.0/STM32CubeIDE/plugins/com.st.stm32cube.ide.mcu.externaltools.gnu-tools-for-stm32.13.3.rel1.win32_1.0.0.202411081344/tools/bin/../lib/gcc/arm-none-eabi/13.3.1/thumb/v7-m/nofp/crtbegin.o
 *(.init)
 .init          0x08008380        0x4 D:/STM32/STM32CubeIDE_1.19.0/STM32CubeIDE/plugins/com.st.stm32cube.ide.mcu.externaltools.gnu-tools-for-stm32.13.3.rel1.win32_1.0.0.202411081344/tools/bin/../lib/gcc/arm-none-eabi/13.3.1/thumb/v7-m/nofp/crti.o
                0x08008380                _init
 .init          0x08008384        0x8 D:/STM32/STM32CubeIDE_1.19.0/STM32CubeIDE/plugins/com.st.stm32cube.ide.mcu.externaltools.gnu-tools-for-stm32.13.3.rel1.win32_1.0.0.202411081344/tools/bin/../lib/gcc/arm-none-eabi/13.3.1/thumb/v7-m/nofp/crtn.o
 *(.fini)
 .fini          0x0800838c        0x4 D:/STM32/STM32CubeIDE_1.19.0/STM32CubeIDE/plugins/com.st.stm32cube.ide.mcu.externaltools.gnu-tools-for-stm32.13.3.rel1.win32_1.0.0.202411081344/tools/bin/../lib/gcc/arm-none-eabi/13.3.1/thumb/v7-m/nofp/crti.o
                0x0800838c                _fini
 .fini          0x08008390        0x8 D:/STM32/STM32CubeIDE_1.19.0/STM32CubeIDE/plugins/com.st.stm32cube.ide.mcu.externaltools.gnu-tools-for-stm32.13.3.rel1.win32_1.0.0.202411081344/tools/bin/../lib/gcc/arm-none-eabi/13.3.1/thumb/v7-m/nofp/crtn.o
                0x08008398                        . = ALIGN (0x4)
                0x08008398                        _etext = .

.vfp11_veneer   0x08008398        0x0
 .vfp11_veneer  0x08008398        0x0 linker stubs

.v4_bx          0x08008398        0x0
 .v4_bx         0x08008398        0x0 linker stubs

.iplt           0x08008398        0x0
 .iplt          0x08008398        0x0 D:/STM32/STM32CubeIDE_1.19.0/STM32CubeIDE/plugins/com.st.stm32cube.ide.mcu.externaltools.gnu-tools-for-stm32.13.3.rel1.win32_1.0.0.202411081344/tools/bin/../lib/gcc/arm-none-eabi/13.3.1/thumb/v7-m/nofp/crtbegin.o

.rodata         0x08008398       0xdc
                0x08008398                        . = ALIGN (0x4)
 *(.rodata)
 .rodata        0x08008398       0x18 ./Core/Src/MotorControl.o
 .rodata        0x080083b0       0x1d ./Core/Src/UARTComms.o
 *fill*         0x080083cd        0x3 
 .rodata        0x080083d0       0x15 ./Core/Src/freertos.o
 *fill*         0x080083e5        0x3 
 .rodata        0x080083e8        0x5 ./Middlewares/Third_Party/FreeRTOS/Source/tasks.o
 *fill*         0x080083ed        0x3 
 .rodata        0x080083f0        0xd ./Middlewares/Third_Party/FreeRTOS/Source/timers.o
 *(.rodata*)
 *fill*         0x080083fd        0x3 
 .rodata.Comms_attributes
                0x08008400       0x24 ./Core/Src/freertos.o
                0x08008400                Comms_attributes
 .rodata.MotorControl_attributes
                0x08008424       0x24 ./Core/Src/freertos.o
                0x08008424                MotorControl_attributes
 .rodata.AHBPrescTable
                0x08008448       0x10 ./Core/Src/system_stm32f1xx.o
                0x08008448                AHBPrescTable
 .rodata.APBPrescTable
                0x08008458        0x8 ./Core/Src/system_stm32f1xx.o
                0x08008458                APBPrescTable
 .rodata.aPLLMULFactorTable.1
                0x08008460       0x10 ./Drivers/STM32F1xx_HAL_Driver/Src/stm32f1xx_hal_rcc.o
 .rodata.aPredivFactorTable.0
                0x08008470        0x2 ./Drivers/STM32F1xx_HAL_Driver/Src/stm32f1xx_hal_rcc.o
                0x08008474                        . = ALIGN (0x4)
 *fill*         0x08008472        0x2 

.ARM.extab      0x08008474        0x0
                0x08008474                        . = ALIGN (0x4)
 *(.ARM.extab* .gnu.linkonce.armextab.*)
                0x08008474                        . = ALIGN (0x4)

.ARM            0x08008474        0x0
                0x08008474                        . = ALIGN (0x4)
                0x08008474                        __exidx_start = .
 *(.ARM.exidx*)
                0x08008474                        __exidx_end = .
                0x08008474                        . = ALIGN (0x4)

.preinit_array  0x08008474        0x0
                0x08008474                        . = ALIGN (0x4)
                0x08008474                        PROVIDE (__preinit_array_start = .)
 *(.preinit_array*)
                0x08008474                        PROVIDE (__preinit_array_end = .)
                0x08008474                        . = ALIGN (0x4)

.init_array     0x08008474        0x4
                0x08008474                        . = ALIGN (0x4)
                0x08008474                        PROVIDE (__init_array_start = .)
 *(SORT_BY_NAME(.init_array.*))
 *(.init_array*)
 .init_array    0x08008474        0x4 D:/STM32/STM32CubeIDE_1.19.0/STM32CubeIDE/plugins/com.st.stm32cube.ide.mcu.externaltools.gnu-tools-for-stm32.13.3.rel1.win32_1.0.0.202411081344/tools/bin/../lib/gcc/arm-none-eabi/13.3.1/thumb/v7-m/nofp/crtbegin.o
                0x08008478                        PROVIDE (__init_array_end = .)
                0x08008478                        . = ALIGN (0x4)

.fini_array     0x08008478        0x4
                0x08008478                        . = ALIGN (0x4)
                [!provide]                        PROVIDE (__fini_array_start = .)
 *(SORT_BY_NAME(.fini_array.*))
 *(.fini_array*)
 .fini_array    0x08008478        0x4 D:/STM32/STM32CubeIDE_1.19.0/STM32CubeIDE/plugins/com.st.stm32cube.ide.mcu.externaltools.gnu-tools-for-stm32.13.3.rel1.win32_1.0.0.202411081344/tools/bin/../lib/gcc/arm-none-eabi/13.3.1/thumb/v7-m/nofp/crtbegin.o
                [!provide]                        PROVIDE (__fini_array_end = .)
                0x0800847c                        . = ALIGN (0x4)
                0x0800847c                        _sidata = LOADADDR (.data)

.rel.dyn        0x0800847c        0x0
 .rel.iplt      0x0800847c        0x0 D:/STM32/STM32CubeIDE_1.19.0/STM32CubeIDE/plugins/com.st.stm32cube.ide.mcu.externaltools.gnu-tools-for-stm32.13.3.rel1.win32_1.0.0.202411081344/tools/bin/../lib/gcc/arm-none-eabi/13.3.1/thumb/v7-m/nofp/crtbegin.o

.data           0x20000000       0x18 load address 0x0800847c
                0x20000000                        . = ALIGN (0x4)
                0x20000000                        _sdata = .
 *(.data)
 *(.data*)
 .data.fast     0x20000000        0x4 ./Core/Src/pid.o
                0x20000000                fast
 .data.max_cnt  0x20000004        0x2 ./Core/Src/pid.o
                0x20000004                max_cnt
 *fill*         0x20000006        0x2 
 .data.SystemCoreClock
                0x20000008        0x4 ./Core/Src/system_stm32f1xx.o
                0x20000008                SystemCoreClock
 .data.uwTickPrio
                0x2000000c        0x4 ./Drivers/STM32F1xx_HAL_Driver/Src/stm32f1xx_hal.o
                0x2000000c                uwTickPrio
 .data.uwTickFreq
                0x20000010        0x1 ./Drivers/STM32F1xx_HAL_Driver/Src/stm32f1xx_hal.o
                0x20000010                uwTickFreq
 *fill*         0x20000011        0x3 
 .data.uxCriticalNesting
                0x20000014        0x4 ./Middlewares/Third_Party/FreeRTOS/Source/portable/GCC/ARM_CM3/port.o
 *(.RamFunc)
 *(.RamFunc*)
                0x20000018                        . = ALIGN (0x4)
                0x20000018                        _edata = .

.igot.plt       0x20000018        0x0 load address 0x08008494
 .igot.plt      0x20000018        0x0 D:/STM32/STM32CubeIDE_1.19.0/STM32CubeIDE/plugins/com.st.stm32cube.ide.mcu.externaltools.gnu-tools-for-stm32.13.3.rel1.win32_1.0.0.202411081344/tools/bin/../lib/gcc/arm-none-eabi/13.3.1/thumb/v7-m/nofp/crtbegin.o
                0x20000018                        . = ALIGN (0x4)

.bss            0x20000018     0x1db8 load address 0x08008494
                0x20000018                        _sbss = .
                0x20000018                        __bss_start__ = _sbss
 *(.bss)
 .bss           0x20000018       0x1c D:/STM32/STM32CubeIDE_1.19.0/STM32CubeIDE/plugins/com.st.stm32cube.ide.mcu.externaltools.gnu-tools-for-stm32.13.3.rel1.win32_1.0.0.202411081344/tools/bin/../lib/gcc/arm-none-eabi/13.3.1/thumb/v7-m/nofp/crtbegin.o
 *(.bss*)
 .bss.Motor_RL  0x20000034       0xd8 ./Core/Src/MotorControl.o
                0x20000034                Motor_RL
 .bss.Motor_RR  0x2000010c       0xd8 ./Core/Src/MotorControl.o
                0x2000010c                Motor_RR
 .bss.receiveBuffer
                0x200001e4       0x32 ./Core/Src/UARTComms.o
                0x200001e4                receiveBuffer
 *fill*         0x20000216        0x2 
 .bss.globalBuffer
                0x20000218       0x32 ./Core/Src/UARTComms.o
                0x20000218                globalBuffer
 *fill*         0x2000024a        0x2 
 .bss.receivedData
                0x2000024c       0x30 ./Core/Src/UARTComms.o
                0x2000024c                receivedData
 .bss.receivedCMD
                0x2000027c        0x1 ./Core/Src/UARTComms.o
                0x2000027c                receivedCMD
 *fill*         0x2000027d        0x3 
 .bss.CommsHandle
                0x20000280        0x4 ./Core/Src/freertos.o
                0x20000280                CommsHandle
 .bss.MotorControlHandle
                0x20000284        0x4 ./Core/Src/freertos.o
                0x20000284                MotorControlHandle
 .bss.start_falg
                0x20000288        0x1 ./Core/Src/pid.o
                0x20000288                start_falg
 *fill*         0x20000289        0x3 
 .bss.htim4     0x2000028c       0x48 ./Core/Src/stm32f1xx_hal_timebase_tim.o
                0x2000028c                htim4
 .bss.htim1     0x200002d4       0x48 ./Core/Src/tim.o
                0x200002d4                htim1
 .bss.htim2     0x2000031c       0x48 ./Core/Src/tim.o
                0x2000031c                htim2
 .bss.htim3     0x20000364       0x48 ./Core/Src/tim.o
                0x20000364                htim3
 .bss.huart3    0x200003ac       0x48 ./Core/Src/usart.o
                0x200003ac                huart3
 .bss.hdma_usart3_rx
                0x200003f4       0x44 ./Core/Src/usart.o
                0x200003f4                hdma_usart3_rx
 .bss.hdma_usart3_tx
                0x20000438       0x44 ./Core/Src/usart.o
                0x20000438                hdma_usart3_tx
 .bss.uwTick    0x2000047c        0x4 ./Drivers/STM32F1xx_HAL_Driver/Src/stm32f1xx_hal.o
                0x2000047c                uwTick
 .bss.KernelState
                0x20000480        0x4 ./Middlewares/Third_Party/FreeRTOS/Source/CMSIS_RTOS_V2/cmsis_os2.o
 .bss.Idle_TCB.3
                0x20000484       0x5c ./Middlewares/Third_Party/FreeRTOS/Source/CMSIS_RTOS_V2/cmsis_os2.o
 .bss.Idle_Stack.2
                0x200004e0      0x200 ./Middlewares/Third_Party/FreeRTOS/Source/CMSIS_RTOS_V2/cmsis_os2.o
 .bss.Timer_TCB.1
                0x200006e0       0x5c ./Middlewares/Third_Party/FreeRTOS/Source/CMSIS_RTOS_V2/cmsis_os2.o
 .bss.Timer_Stack.0
                0x2000073c      0x400 ./Middlewares/Third_Party/FreeRTOS/Source/CMSIS_RTOS_V2/cmsis_os2.o
 .bss.xQueueRegistry
                0x20000b3c       0x40 ./Middlewares/Third_Party/FreeRTOS/Source/queue.o
                0x20000b3c                xQueueRegistry
 .bss.pxCurrentTCB
                0x20000b7c        0x4 ./Middlewares/Third_Party/FreeRTOS/Source/tasks.o
                0x20000b7c                pxCurrentTCB
 .bss.pxReadyTasksLists
                0x20000b80      0x460 ./Middlewares/Third_Party/FreeRTOS/Source/tasks.o
 .bss.xDelayedTaskList1
                0x20000fe0       0x14 ./Middlewares/Third_Party/FreeRTOS/Source/tasks.o
 .bss.xDelayedTaskList2
                0x20000ff4       0x14 ./Middlewares/Third_Party/FreeRTOS/Source/tasks.o
 .bss.pxDelayedTaskList
                0x20001008        0x4 ./Middlewares/Third_Party/FreeRTOS/Source/tasks.o
 .bss.pxOverflowDelayedTaskList
                0x2000100c        0x4 ./Middlewares/Third_Party/FreeRTOS/Source/tasks.o
 .bss.xPendingReadyList
                0x20001010       0x14 ./Middlewares/Third_Party/FreeRTOS/Source/tasks.o
 .bss.xTasksWaitingTermination
                0x20001024       0x14 ./Middlewares/Third_Party/FreeRTOS/Source/tasks.o
 .bss.uxDeletedTasksWaitingCleanUp
                0x20001038        0x4 ./Middlewares/Third_Party/FreeRTOS/Source/tasks.o
 .bss.xSuspendedTaskList
                0x2000103c       0x14 ./Middlewares/Third_Party/FreeRTOS/Source/tasks.o
 .bss.uxCurrentNumberOfTasks
                0x20001050        0x4 ./Middlewares/Third_Party/FreeRTOS/Source/tasks.o
 .bss.xTickCount
                0x20001054        0x4 ./Middlewares/Third_Party/FreeRTOS/Source/tasks.o
 .bss.uxTopReadyPriority
                0x20001058        0x4 ./Middlewares/Third_Party/FreeRTOS/Source/tasks.o
 .bss.xSchedulerRunning
                0x2000105c        0x4 ./Middlewares/Third_Party/FreeRTOS/Source/tasks.o
 .bss.xPendedTicks
                0x20001060        0x4 ./Middlewares/Third_Party/FreeRTOS/Source/tasks.o
 .bss.xYieldPending
                0x20001064        0x4 ./Middlewares/Third_Party/FreeRTOS/Source/tasks.o
 .bss.xNumOfOverflows
                0x20001068        0x4 ./Middlewares/Third_Party/FreeRTOS/Source/tasks.o
 .bss.uxTaskNumber
                0x2000106c        0x4 ./Middlewares/Third_Party/FreeRTOS/Source/tasks.o
 .bss.xNextTaskUnblockTime
                0x20001070        0x4 ./Middlewares/Third_Party/FreeRTOS/Source/tasks.o
 .bss.xIdleTaskHandle
                0x20001074        0x4 ./Middlewares/Third_Party/FreeRTOS/Source/tasks.o
 .bss.uxSchedulerSuspended
                0x20001078        0x4 ./Middlewares/Third_Party/FreeRTOS/Source/tasks.o
 .bss.xActiveTimerList1
                0x2000107c       0x14 ./Middlewares/Third_Party/FreeRTOS/Source/timers.o
 .bss.xActiveTimerList2
                0x20001090       0x14 ./Middlewares/Third_Party/FreeRTOS/Source/timers.o
 .bss.pxCurrentTimerList
                0x200010a4        0x4 ./Middlewares/Third_Party/FreeRTOS/Source/timers.o
 .bss.pxOverflowTimerList
                0x200010a8        0x4 ./Middlewares/Third_Party/FreeRTOS/Source/timers.o
 .bss.xTimerQueue
                0x200010ac        0x4 ./Middlewares/Third_Party/FreeRTOS/Source/timers.o
 .bss.xTimerTaskHandle
                0x200010b0        0x4 ./Middlewares/Third_Party/FreeRTOS/Source/timers.o
 .bss.xLastTime.2
                0x200010b4        0x4 ./Middlewares/Third_Party/FreeRTOS/Source/timers.o
 .bss.ucStaticTimerQueueStorage.1
                0x200010b8       0xa0 ./Middlewares/Third_Party/FreeRTOS/Source/timers.o
 .bss.xStaticTimerQueue.0
                0x20001158       0x50 ./Middlewares/Third_Party/FreeRTOS/Source/timers.o
 .bss.ucMaxSysCallPriority
                0x200011a8        0x1 ./Middlewares/Third_Party/FreeRTOS/Source/portable/GCC/ARM_CM3/port.o
 *fill*         0x200011a9        0x3 
 .bss.ulMaxPRIGROUPValue
                0x200011ac        0x4 ./Middlewares/Third_Party/FreeRTOS/Source/portable/GCC/ARM_CM3/port.o
 .bss.ucHeap    0x200011b0      0xc00 ./Middlewares/Third_Party/FreeRTOS/Source/portable/MemMang/heap_4.o
 .bss.xStart    0x20001db0        0x8 ./Middlewares/Third_Party/FreeRTOS/Source/portable/MemMang/heap_4.o
 .bss.pxEnd     0x20001db8        0x4 ./Middlewares/Third_Party/FreeRTOS/Source/portable/MemMang/heap_4.o
 .bss.xFreeBytesRemaining
                0x20001dbc        0x4 ./Middlewares/Third_Party/FreeRTOS/Source/portable/MemMang/heap_4.o
 .bss.xMinimumEverFreeBytesRemaining
                0x20001dc0        0x4 ./Middlewares/Third_Party/FreeRTOS/Source/portable/MemMang/heap_4.o
 .bss.xNumberOfSuccessfulAllocations
                0x20001dc4        0x4 ./Middlewares/Third_Party/FreeRTOS/Source/portable/MemMang/heap_4.o
 .bss.xNumberOfSuccessfulFrees
                0x20001dc8        0x4 ./Middlewares/Third_Party/FreeRTOS/Source/portable/MemMang/heap_4.o
 .bss.xBlockAllocatedBit
                0x20001dcc        0x4 ./Middlewares/Third_Party/FreeRTOS/Source/portable/MemMang/heap_4.o
 *(COMMON)
                0x20001dd0                        . = ALIGN (0x4)
                0x20001dd0                        _ebss = .
                0x20001dd0                        __bss_end__ = _ebss

._user_heap_stack
                0x20001dd0      0x600 load address 0x08008494
                0x20001dd0                        . = ALIGN (0x8)
                [!provide]                        PROVIDE (end = .)
                0x20001dd0                        PROVIDE (_end = .)
                0x20001fd0                        . = (. + _Min_Heap_Size)
 *fill*         0x20001dd0      0x200 
                0x200023d0                        . = (. + _Min_Stack_Size)
 *fill*         0x20001fd0      0x400 
                0x200023d0                        . = ALIGN (0x8)

/DISCARD/
 libc.a(*)
 libm.a(*)
 libgcc.a(*)

.ARM.attributes
                0x00000000       0x29
 *(.ARM.attributes)
 .ARM.attributes
                0x00000000       0x1d D:/STM32/STM32CubeIDE_1.19.0/STM32CubeIDE/plugins/com.st.stm32cube.ide.mcu.externaltools.gnu-tools-for-stm32.13.3.rel1.win32_1.0.0.202411081344/tools/bin/../lib/gcc/arm-none-eabi/13.3.1/thumb/v7-m/nofp/crti.o
 .ARM.attributes
                0x0000001d       0x2d D:/STM32/STM32CubeIDE_1.19.0/STM32CubeIDE/plugins/com.st.stm32cube.ide.mcu.externaltools.gnu-tools-for-stm32.13.3.rel1.win32_1.0.0.202411081344/tools/bin/../lib/gcc/arm-none-eabi/13.3.1/thumb/v7-m/nofp/crtbegin.o
 .ARM.attributes
                0x0000004a       0x2d ./Core/Src/MotorControl.o
 .ARM.attributes
                0x00000077       0x2d ./Core/Src/UARTComms.o
 .ARM.attributes
                0x000000a4       0x2d ./Core/Src/dma.o
 .ARM.attributes
                0x000000d1       0x2d ./Core/Src/freertos.o
 .ARM.attributes
                0x000000fe       0x2d ./Core/Src/gpio.o
 .ARM.attributes
                0x0000012b       0x2d ./Core/Src/main.o
 .ARM.attributes
                0x00000158       0x2d ./Core/Src/pid.o
 .ARM.attributes
                0x00000185       0x2d ./Core/Src/stm32f1xx_hal_msp.o
 .ARM.attributes
                0x000001b2       0x2d ./Core/Src/stm32f1xx_hal_timebase_tim.o
 .ARM.attributes
                0x000001df       0x2d ./Core/Src/stm32f1xx_it.o
 .ARM.attributes
                0x0000020c       0x2d ./Core/Src/system_stm32f1xx.o
 .ARM.attributes
                0x00000239       0x2d ./Core/Src/tim.o
 .ARM.attributes
                0x00000266       0x2d ./Core/Src/usart.o
 .ARM.attributes
                0x00000293       0x2d ./Core/Src/verification.o
 .ARM.attributes
                0x000002c0       0x21 ./Core/Startup/startup_stm32f103c8tx.o
 .ARM.attributes
                0x000002e1       0x2d ./Drivers/STM32F1xx_HAL_Driver/Src/stm32f1xx_hal.o
 .ARM.attributes
                0x0000030e       0x2d ./Drivers/STM32F1xx_HAL_Driver/Src/stm32f1xx_hal_cortex.o
 .ARM.attributes
                0x0000033b       0x2d ./Drivers/STM32F1xx_HAL_Driver/Src/stm32f1xx_hal_dma.o
 .ARM.attributes
                0x00000368       0x2d ./Drivers/STM32F1xx_HAL_Driver/Src/stm32f1xx_hal_gpio.o
 .ARM.attributes
                0x00000395       0x2d ./Drivers/STM32F1xx_HAL_Driver/Src/stm32f1xx_hal_rcc.o
 .ARM.attributes
                0x000003c2       0x2d ./Drivers/STM32F1xx_HAL_Driver/Src/stm32f1xx_hal_tim.o
 .ARM.attributes
                0x000003ef       0x2d ./Drivers/STM32F1xx_HAL_Driver/Src/stm32f1xx_hal_tim_ex.o
 .ARM.attributes
                0x0000041c       0x2d ./Drivers/STM32F1xx_HAL_Driver/Src/stm32f1xx_hal_uart.o
 .ARM.attributes
                0x00000449       0x2d ./Middlewares/Third_Party/FreeRTOS/Source/CMSIS_RTOS_V2/cmsis_os2.o
 .ARM.attributes
                0x00000476       0x2d ./Middlewares/Third_Party/FreeRTOS/Source/list.o
 .ARM.attributes
                0x000004a3       0x2d ./Middlewares/Third_Party/FreeRTOS/Source/queue.o
 .ARM.attributes
                0x000004d0       0x2d ./Middlewares/Third_Party/FreeRTOS/Source/tasks.o
 .ARM.attributes
                0x000004fd       0x2d ./Middlewares/Third_Party/FreeRTOS/Source/timers.o
 .ARM.attributes
                0x0000052a       0x2d ./Middlewares/Third_Party/FreeRTOS/Source/portable/GCC/ARM_CM3/port.o
 .ARM.attributes
                0x00000557       0x2d ./Middlewares/Third_Party/FreeRTOS/Source/portable/MemMang/heap_4.o
 .ARM.attributes
                0x00000584       0x2d D:/STM32/STM32CubeIDE_1.19.0/STM32CubeIDE/plugins/com.st.stm32cube.ide.mcu.externaltools.gnu-tools-for-stm32.13.3.rel1.win32_1.0.0.202411081344/tools/bin/../lib/gcc/arm-none-eabi/13.3.1/../../../../arm-none-eabi/lib/thumb/v7-m/nofp\libc_nano.a(libc_a-memmove.o)
 .ARM.attributes
                0x000005b1       0x2d D:/STM32/STM32CubeIDE_1.19.0/STM32CubeIDE/plugins/com.st.stm32cube.ide.mcu.externaltools.gnu-tools-for-stm32.13.3.rel1.win32_1.0.0.202411081344/tools/bin/../lib/gcc/arm-none-eabi/13.3.1/../../../../arm-none-eabi/lib/thumb/v7-m/nofp\libc_nano.a(libc_a-memset.o)
 .ARM.attributes
                0x000005de       0x2d D:/STM32/STM32CubeIDE_1.19.0/STM32CubeIDE/plugins/com.st.stm32cube.ide.mcu.externaltools.gnu-tools-for-stm32.13.3.rel1.win32_1.0.0.202411081344/tools/bin/../lib/gcc/arm-none-eabi/13.3.1/../../../../arm-none-eabi/lib/thumb/v7-m/nofp\libc_nano.a(libc_a-init.o)
 .ARM.attributes
                0x0000060b       0x2d D:/STM32/STM32CubeIDE_1.19.0/STM32CubeIDE/plugins/com.st.stm32cube.ide.mcu.externaltools.gnu-tools-for-stm32.13.3.rel1.win32_1.0.0.202411081344/tools/bin/../lib/gcc/arm-none-eabi/13.3.1/../../../../arm-none-eabi/lib/thumb/v7-m/nofp\libc_nano.a(libc_a-memcpy-stub.o)
 .ARM.attributes
                0x00000638       0x1d D:/STM32/STM32CubeIDE_1.19.0/STM32CubeIDE/plugins/com.st.stm32cube.ide.mcu.externaltools.gnu-tools-for-stm32.13.3.rel1.win32_1.0.0.202411081344/tools/bin/../lib/gcc/arm-none-eabi/13.3.1/thumb/v7-m/nofp\libgcc.a(_arm_addsubsf3.o)
 .ARM.attributes
                0x00000655       0x1d D:/STM32/STM32CubeIDE_1.19.0/STM32CubeIDE/plugins/com.st.stm32cube.ide.mcu.externaltools.gnu-tools-for-stm32.13.3.rel1.win32_1.0.0.202411081344/tools/bin/../lib/gcc/arm-none-eabi/13.3.1/thumb/v7-m/nofp\libgcc.a(_arm_muldivsf3.o)
 .ARM.attributes
                0x00000672       0x1d D:/STM32/STM32CubeIDE_1.19.0/STM32CubeIDE/plugins/com.st.stm32cube.ide.mcu.externaltools.gnu-tools-for-stm32.13.3.rel1.win32_1.0.0.202411081344/tools/bin/../lib/gcc/arm-none-eabi/13.3.1/thumb/v7-m/nofp\libgcc.a(_arm_cmpsf2.o)
 .ARM.attributes
                0x0000068f       0x1d D:/STM32/STM32CubeIDE_1.19.0/STM32CubeIDE/plugins/com.st.stm32cube.ide.mcu.externaltools.gnu-tools-for-stm32.13.3.rel1.win32_1.0.0.202411081344/tools/bin/../lib/gcc/arm-none-eabi/13.3.1/thumb/v7-m/nofp\libgcc.a(_arm_fixunssfsi.o)
 .ARM.attributes
                0x000006ac       0x1d D:/STM32/STM32CubeIDE_1.19.0/STM32CubeIDE/plugins/com.st.stm32cube.ide.mcu.externaltools.gnu-tools-for-stm32.13.3.rel1.win32_1.0.0.202411081344/tools/bin/../lib/gcc/arm-none-eabi/13.3.1/thumb/v7-m/nofp/crtn.o
OUTPUT(2026SmartCar-Board02.elf elf32-littlearm)
LOAD linker stubs
LOAD D:/STM32/STM32CubeIDE_1.19.0/STM32CubeIDE/plugins/com.st.stm32cube.ide.mcu.externaltools.gnu-tools-for-stm32.13.3.rel1.win32_1.0.0.202411081344/tools/bin/../lib/gcc/arm-none-eabi/13.3.1/../../../../arm-none-eabi/lib/thumb/v7-m/nofp\libc.a
LOAD D:/STM32/STM32CubeIDE_1.19.0/STM32CubeIDE/plugins/com.st.stm32cube.ide.mcu.externaltools.gnu-tools-for-stm32.13.3.rel1.win32_1.0.0.202411081344/tools/bin/../lib/gcc/arm-none-eabi/13.3.1/../../../../arm-none-eabi/lib/thumb/v7-m/nofp\libm.a
LOAD D:/STM32/STM32CubeIDE_1.19.0/STM32CubeIDE/plugins/com.st.stm32cube.ide.mcu.externaltools.gnu-tools-for-stm32.13.3.rel1.win32_1.0.0.202411081344/tools/bin/../lib/gcc/arm-none-eabi/13.3.1/thumb/v7-m/nofp\libgcc.a

.debug_info     0x00000000    0x18794
 .debug_info    0x00000000      0xd4b ./Core/Src/MotorControl.o
 .debug_info    0x00000d4b      0xa5f ./Core/Src/UARTComms.o
 .debug_info    0x000017aa      0x2cf ./Core/Src/dma.o
 .debug_info    0x00001a79      0x3c1 ./Core/Src/freertos.o
 .debug_info    0x00001e3a      0x2b7 ./Core/Src/gpio.o
 .debug_info    0x000020f1      0x8ab ./Core/Src/main.o
 .debug_info    0x0000299c      0x2d7 ./Core/Src/pid.o
 .debug_info    0x00002c73      0x361 ./Core/Src/stm32f1xx_hal_msp.o
 .debug_info    0x00002fd4      0x9a8 ./Core/Src/stm32f1xx_hal_timebase_tim.o
 .debug_info    0x0000397c      0x95b ./Core/Src/stm32f1xx_it.o
 .debug_info    0x000042d7      0x222 ./Core/Src/system_stm32f1xx.o
 .debug_info    0x000044f9      0xc5e ./Core/Src/tim.o
 .debug_info    0x00005157      0x975 ./Core/Src/usart.o
 .debug_info    0x00005acc      0x245 ./Core/Src/verification.o
 .debug_info    0x00005d11       0x30 ./Core/Startup/startup_stm32f103c8tx.o
 .debug_info    0x00005d41      0x704 ./Drivers/STM32F1xx_HAL_Driver/Src/stm32f1xx_hal.o
 .debug_info    0x00006445      0xa87 ./Drivers/STM32F1xx_HAL_Driver/Src/stm32f1xx_hal_cortex.o
 .debug_info    0x00006ecc      0x6d2 ./Drivers/STM32F1xx_HAL_Driver/Src/stm32f1xx_hal_dma.o
 .debug_info    0x0000759e      0x5ab ./Drivers/STM32F1xx_HAL_Driver/Src/stm32f1xx_hal_gpio.o
 .debug_info    0x00007b49      0x7d5 ./Drivers/STM32F1xx_HAL_Driver/Src/stm32f1xx_hal_rcc.o
 .debug_info    0x0000831e     0x2959 ./Drivers/STM32F1xx_HAL_Driver/Src/stm32f1xx_hal_tim.o
 .debug_info    0x0000ac77     0x149b ./Drivers/STM32F1xx_HAL_Driver/Src/stm32f1xx_hal_tim_ex.o
 .debug_info    0x0000c112     0x2eed ./Drivers/STM32F1xx_HAL_Driver/Src/stm32f1xx_hal_uart.o
 .debug_info    0x0000efff     0x3990 ./Middlewares/Third_Party/FreeRTOS/Source/CMSIS_RTOS_V2/cmsis_os2.o
 .debug_info    0x0001298f      0x2af ./Middlewares/Third_Party/FreeRTOS/Source/list.o
 .debug_info    0x00012c3e     0x1b79 ./Middlewares/Third_Party/FreeRTOS/Source/queue.o
 .debug_info    0x000147b7     0x21ec ./Middlewares/Third_Party/FreeRTOS/Source/tasks.o
 .debug_info    0x000169a3     0x1488 ./Middlewares/Third_Party/FreeRTOS/Source/timers.o
 .debug_info    0x00017e2b      0x494 ./Middlewares/Third_Party/FreeRTOS/Source/portable/GCC/ARM_CM3/port.o
 .debug_info    0x000182bf      0x4d5 ./Middlewares/Third_Party/FreeRTOS/Source/portable/MemMang/heap_4.o

.debug_abbrev   0x00000000     0x4028
 .debug_abbrev  0x00000000      0x2df ./Core/Src/MotorControl.o
 .debug_abbrev  0x000002df      0x238 ./Core/Src/UARTComms.o
 .debug_abbrev  0x00000517       0xfc ./Core/Src/dma.o
 .debug_abbrev  0x00000613      0x141 ./Core/Src/freertos.o
 .debug_abbrev  0x00000754      0x13f ./Core/Src/gpio.o
 .debug_abbrev  0x00000893      0x22e ./Core/Src/main.o
 .debug_abbrev  0x00000ac1      0x122 ./Core/Src/pid.o
 .debug_abbrev  0x00000be3      0x11c ./Core/Src/stm32f1xx_hal_msp.o
 .debug_abbrev  0x00000cff      0x1f3 ./Core/Src/stm32f1xx_hal_timebase_tim.o
 .debug_abbrev  0x00000ef2      0x188 ./Core/Src/stm32f1xx_it.o
 .debug_abbrev  0x0000107a      0x13f ./Core/Src/system_stm32f1xx.o
 .debug_abbrev  0x000011b9      0x29c ./Core/Src/tim.o
 .debug_abbrev  0x00001455      0x21b ./Core/Src/usart.o
 .debug_abbrev  0x00001670      0x10a ./Core/Src/verification.o
 .debug_abbrev  0x0000177a       0x24 ./Core/Startup/startup_stm32f103c8tx.o
 .debug_abbrev  0x0000179e      0x201 ./Drivers/STM32F1xx_HAL_Driver/Src/stm32f1xx_hal.o
 .debug_abbrev  0x0000199f      0x2f8 ./Drivers/STM32F1xx_HAL_Driver/Src/stm32f1xx_hal_cortex.o
 .debug_abbrev  0x00001c97      0x20b ./Drivers/STM32F1xx_HAL_Driver/Src/stm32f1xx_hal_dma.o
 .debug_abbrev  0x00001ea2      0x1ca ./Drivers/STM32F1xx_HAL_Driver/Src/stm32f1xx_hal_gpio.o
 .debug_abbrev  0x0000206c      0x2b3 ./Drivers/STM32F1xx_HAL_Driver/Src/stm32f1xx_hal_rcc.o
 .debug_abbrev  0x0000231f      0x277 ./Drivers/STM32F1xx_HAL_Driver/Src/stm32f1xx_hal_tim.o
 .debug_abbrev  0x00002596      0x282 ./Drivers/STM32F1xx_HAL_Driver/Src/stm32f1xx_hal_tim_ex.o
 .debug_abbrev  0x00002818      0x2f8 ./Drivers/STM32F1xx_HAL_Driver/Src/stm32f1xx_hal_uart.o
 .debug_abbrev  0x00002b10      0x520 ./Middlewares/Third_Party/FreeRTOS/Source/CMSIS_RTOS_V2/cmsis_os2.o
 .debug_abbrev  0x00003030       0xf5 ./Middlewares/Third_Party/FreeRTOS/Source/list.o
 .debug_abbrev  0x00003125      0x3b6 ./Middlewares/Third_Party/FreeRTOS/Source/queue.o
 .debug_abbrev  0x000034db      0x386 ./Middlewares/Third_Party/FreeRTOS/Source/tasks.o
 .debug_abbrev  0x00003861      0x352 ./Middlewares/Third_Party/FreeRTOS/Source/timers.o
 .debug_abbrev  0x00003bb3      0x258 ./Middlewares/Third_Party/FreeRTOS/Source/portable/GCC/ARM_CM3/port.o
 .debug_abbrev  0x00003e0b      0x21d ./Middlewares/Third_Party/FreeRTOS/Source/portable/MemMang/heap_4.o

.debug_aranges  0x00000000     0x1608
 .debug_aranges
                0x00000000       0x80 ./Core/Src/MotorControl.o
 .debug_aranges
                0x00000080       0x48 ./Core/Src/UARTComms.o
 .debug_aranges
                0x000000c8       0x20 ./Core/Src/dma.o
 .debug_aranges
                0x000000e8       0x28 ./Core/Src/freertos.o
 .debug_aranges
                0x00000110       0x20 ./Core/Src/gpio.o
 .debug_aranges
                0x00000130       0x38 ./Core/Src/main.o
 .debug_aranges
                0x00000168       0x30 ./Core/Src/pid.o
 .debug_aranges
                0x00000198       0x20 ./Core/Src/stm32f1xx_hal_msp.o
 .debug_aranges
                0x000001b8       0x30 ./Core/Src/stm32f1xx_hal_timebase_tim.o
 .debug_aranges
                0x000001e8       0x68 ./Core/Src/stm32f1xx_it.o
 .debug_aranges
                0x00000250       0x28 ./Core/Src/system_stm32f1xx.o
 .debug_aranges
                0x00000278       0x58 ./Core/Src/tim.o
 .debug_aranges
                0x000002d0       0x30 ./Core/Src/usart.o
 .debug_aranges
                0x00000300       0x48 ./Core/Src/verification.o
 .debug_aranges
                0x00000348       0x28 ./Core/Startup/startup_stm32f103c8tx.o
 .debug_aranges
                0x00000370       0xe0 ./Drivers/STM32F1xx_HAL_Driver/Src/stm32f1xx_hal.o
 .debug_aranges
                0x00000450      0x100 ./Drivers/STM32F1xx_HAL_Driver/Src/stm32f1xx_hal_cortex.o
 .debug_aranges
                0x00000550       0x80 ./Drivers/STM32F1xx_HAL_Driver/Src/stm32f1xx_hal_dma.o
 .debug_aranges
                0x000005d0       0x58 ./Drivers/STM32F1xx_HAL_Driver/Src/stm32f1xx_hal_gpio.o
 .debug_aranges
                0x00000628       0x90 ./Drivers/STM32F1xx_HAL_Driver/Src/stm32f1xx_hal_rcc.o
 .debug_aranges
                0x000006b8      0x3d0 ./Drivers/STM32F1xx_HAL_Driver/Src/stm32f1xx_hal_tim.o
 .debug_aranges
                0x00000a88      0x168 ./Drivers/STM32F1xx_HAL_Driver/Src/stm32f1xx_hal_tim_ex.o
 .debug_aranges
                0x00000bf0      0x208 ./Drivers/STM32F1xx_HAL_Driver/Src/stm32f1xx_hal_uart.o
 .debug_aranges
                0x00000df8      0x2b0 ./Middlewares/Third_Party/FreeRTOS/Source/CMSIS_RTOS_V2/cmsis_os2.o
 .debug_aranges
                0x000010a8       0x40 ./Middlewares/Third_Party/FreeRTOS/Source/list.o
 .debug_aranges
                0x000010e8      0x158 ./Middlewares/Third_Party/FreeRTOS/Source/queue.o
 .debug_aranges
                0x00001240      0x208 ./Middlewares/Third_Party/FreeRTOS/Source/tasks.o
 .debug_aranges
                0x00001448       0xf0 ./Middlewares/Third_Party/FreeRTOS/Source/timers.o
 .debug_aranges
                0x00001538       0x78 ./Middlewares/Third_Party/FreeRTOS/Source/portable/GCC/ARM_CM3/port.o
 .debug_aranges
                0x000015b0       0x58 ./Middlewares/Third_Party/FreeRTOS/Source/portable/MemMang/heap_4.o

.debug_rnglists
                0x00000000     0x10f9
 .debug_rnglists
                0x00000000       0x5f ./Core/Src/MotorControl.o
 .debug_rnglists
                0x0000005f       0x33 ./Core/Src/UARTComms.o
 .debug_rnglists
                0x00000092       0x13 ./Core/Src/dma.o
 .debug_rnglists
                0x000000a5       0x19 ./Core/Src/freertos.o
 .debug_rnglists
                0x000000be       0x14 ./Core/Src/gpio.o
 .debug_rnglists
                0x000000d2       0x26 ./Core/Src/main.o
 .debug_rnglists
                0x000000f8       0x21 ./Core/Src/pid.o
 .debug_rnglists
                0x00000119       0x13 ./Core/Src/stm32f1xx_hal_msp.o
 .debug_rnglists
                0x0000012c       0x20 ./Core/Src/stm32f1xx_hal_timebase_tim.o
 .debug_rnglists
                0x0000014c       0x49 ./Core/Src/stm32f1xx_it.o
 .debug_rnglists
                0x00000195       0x1a ./Core/Src/system_stm32f1xx.o
 .debug_rnglists
                0x000001af       0x41 ./Core/Src/tim.o
 .debug_rnglists
                0x000001f0       0x20 ./Core/Src/usart.o
 .debug_rnglists
                0x00000210       0x31 ./Core/Src/verification.o
 .debug_rnglists
                0x00000241       0x19 ./Core/Startup/startup_stm32f103c8tx.o
 .debug_rnglists
                0x0000025a       0xa3 ./Drivers/STM32F1xx_HAL_Driver/Src/stm32f1xx_hal.o
 .debug_rnglists
                0x000002fd       0xbb ./Drivers/STM32F1xx_HAL_Driver/Src/stm32f1xx_hal_cortex.o
 .debug_rnglists
                0x000003b8       0x64 ./Drivers/STM32F1xx_HAL_Driver/Src/stm32f1xx_hal_dma.o
 .debug_rnglists
                0x0000041c       0x3f ./Drivers/STM32F1xx_HAL_Driver/Src/stm32f1xx_hal_gpio.o
 .debug_rnglists
                0x0000045b       0x6c ./Drivers/STM32F1xx_HAL_Driver/Src/stm32f1xx_hal_rcc.o
 .debug_rnglists
                0x000004c7      0x31a ./Drivers/STM32F1xx_HAL_Driver/Src/stm32f1xx_hal_tim.o
 .debug_rnglists
                0x000007e1      0x125 ./Drivers/STM32F1xx_HAL_Driver/Src/stm32f1xx_hal_tim_ex.o
 .debug_rnglists
                0x00000906      0x1bc ./Drivers/STM32F1xx_HAL_Driver/Src/stm32f1xx_hal_uart.o
 .debug_rnglists
                0x00000ac2      0x212 ./Middlewares/Third_Party/FreeRTOS/Source/CMSIS_RTOS_V2/cmsis_os2.o
 .debug_rnglists
                0x00000cd4       0x2b ./Middlewares/Third_Party/FreeRTOS/Source/list.o
 .debug_rnglists
                0x00000cff      0x109 ./Middlewares/Third_Party/FreeRTOS/Source/queue.o
 .debug_rnglists
                0x00000e08      0x1a0 ./Middlewares/Third_Party/FreeRTOS/Source/tasks.o
 .debug_rnglists
                0x00000fa8       0xb8 ./Middlewares/Third_Party/FreeRTOS/Source/timers.o
 .debug_rnglists
                0x00001060       0x57 ./Middlewares/Third_Party/FreeRTOS/Source/portable/GCC/ARM_CM3/port.o
 .debug_rnglists
                0x000010b7       0x42 ./Middlewares/Third_Party/FreeRTOS/Source/portable/MemMang/heap_4.o

.debug_macro    0x00000000    0x1aeaf
 .debug_macro   0x00000000      0x377 ./Core/Src/MotorControl.o
 .debug_macro   0x00000377      0xacc ./Core/Src/MotorControl.o
 .debug_macro   0x00000e43       0x10 ./Core/Src/MotorControl.o
 .debug_macro   0x00000e53      0x221 ./Core/Src/MotorControl.o
 .debug_macro   0x00001074       0x2e ./Core/Src/MotorControl.o
 .debug_macro   0x000010a2       0x22 ./Core/Src/MotorControl.o
 .debug_macro   0x000010c4       0x22 ./Core/Src/MotorControl.o
 .debug_macro   0x000010e6       0x8e ./Core/Src/MotorControl.o
 .debug_macro   0x00001174       0x51 ./Core/Src/MotorControl.o
 .debug_macro   0x000011c5      0x103 ./Core/Src/MotorControl.o
 .debug_macro   0x000012c8       0x6a ./Core/Src/MotorControl.o
 .debug_macro   0x00001332      0x1df ./Core/Src/MotorControl.o
 .debug_macro   0x00001511       0x1c ./Core/Src/MotorControl.o
 .debug_macro   0x0000152d       0x22 ./Core/Src/MotorControl.o
 .debug_macro   0x0000154f       0xbd ./Core/Src/MotorControl.o
 .debug_macro   0x0000160c      0xd23 ./Core/Src/MotorControl.o
 .debug_macro   0x0000232f     0xe09e ./Core/Src/MotorControl.o
 .debug_macro   0x000103cd       0x6d ./Core/Src/MotorControl.o
 .debug_macro   0x0001043a     0x34a2 ./Core/Src/MotorControl.o
 .debug_macro   0x000138dc      0x190 ./Core/Src/MotorControl.o
 .debug_macro   0x00013a6c       0x5c ./Core/Src/MotorControl.o
 .debug_macro   0x00013ac8      0x5bc ./Core/Src/MotorControl.o
 .debug_macro   0x00014084      0x289 ./Core/Src/MotorControl.o
 .debug_macro   0x0001430d      0x1cb ./Core/Src/MotorControl.o
 .debug_macro   0x000144d8      0x114 ./Core/Src/MotorControl.o
 .debug_macro   0x000145ec      0x1b2 ./Core/Src/MotorControl.o
 .debug_macro   0x0001479e       0x27 ./Core/Src/MotorControl.o
 .debug_macro   0x000147c5      0x136 ./Core/Src/MotorControl.o
 .debug_macro   0x000148fb      0x1bc ./Core/Src/MotorControl.o
 .debug_macro   0x00014ab7       0x34 ./Core/Src/MotorControl.o
 .debug_macro   0x00014aeb       0x3c ./Core/Src/MotorControl.o
 .debug_macro   0x00014b27       0x57 ./Core/Src/MotorControl.o
 .debug_macro   0x00014b7e       0x87 ./Core/Src/MotorControl.o
 .debug_macro   0x00014c05      0x240 ./Core/Src/MotorControl.o
 .debug_macro   0x00014e45      0x140 ./Core/Src/MotorControl.o
 .debug_macro   0x00014f85      0x8ed ./Core/Src/MotorControl.o
 .debug_macro   0x00015872      0x28e ./Core/Src/MotorControl.o
 .debug_macro   0x00015b00       0x83 ./Core/Src/MotorControl.o
 .debug_macro   0x00015b83       0x7c ./Core/Src/MotorControl.o
 .debug_macro   0x00015bff      0x130 ./Core/Src/MotorControl.o
 .debug_macro   0x00015d2f      0x15a ./Core/Src/MotorControl.o
 .debug_macro   0x00015e89       0xc9 ./Core/Src/MotorControl.o
 .debug_macro   0x00015f52       0x1c ./Core/Src/MotorControl.o
 .debug_macro   0x00015f6e       0x26 ./Core/Src/MotorControl.o
 .debug_macro   0x00015f94      0x4da ./Core/Src/MotorControl.o
 .debug_macro   0x0001646e       0xb5 ./Core/Src/MotorControl.o
 .debug_macro   0x00016523       0xaa ./Core/Src/MotorControl.o
 .debug_macro   0x000165cd       0x66 ./Core/Src/MotorControl.o
 .debug_macro   0x00016633       0x74 ./Core/Src/MotorControl.o
 .debug_macro   0x000166a7       0xdd ./Core/Src/MotorControl.o
 .debug_macro   0x00016784       0x61 ./Core/Src/MotorControl.o
 .debug_macro   0x000167e5       0x24 ./Core/Src/MotorControl.o
 .debug_macro   0x00016809       0x43 ./Core/Src/MotorControl.o
 .debug_macro   0x0001684c       0x34 ./Core/Src/MotorControl.o
 .debug_macro   0x00016880      0x370 ./Core/Src/MotorControl.o
 .debug_macro   0x00016bf0       0x16 ./Core/Src/MotorControl.o
 .debug_macro   0x00016c06       0x4a ./Core/Src/MotorControl.o
 .debug_macro   0x00016c50       0x34 ./Core/Src/MotorControl.o
 .debug_macro   0x00016c84       0x10 ./Core/Src/MotorControl.o
 .debug_macro   0x00016c94       0x58 ./Core/Src/MotorControl.o
 .debug_macro   0x00016cec       0x8e ./Core/Src/MotorControl.o
 .debug_macro   0x00016d7a       0x1c ./Core/Src/MotorControl.o
 .debug_macro   0x00016d96      0x185 ./Core/Src/MotorControl.o
 .debug_macro   0x00016f1b      0x19b ./Core/Src/MotorControl.o
 .debug_macro   0x000170b6       0x16 ./Core/Src/MotorControl.o
 .debug_macro   0x000170cc       0x3c ./Core/Src/MotorControl.o
 .debug_macro   0x00017108       0x20 ./Core/Src/MotorControl.o
 .debug_macro   0x00017128       0x22 ./Core/Src/MotorControl.o
 .debug_macro   0x0001714a       0xdc ./Core/Src/MotorControl.o
 .debug_macro   0x00017226       0x16 ./Core/Src/MotorControl.o
 .debug_macro   0x0001723c      0x37f ./Core/Src/UARTComms.o
 .debug_macro   0x000175bb       0x10 ./Core/Src/UARTComms.o
 .debug_macro   0x000175cb      0x1bc ./Core/Src/dma.o
 .debug_macro   0x00017787      0x23c ./Core/Src/freertos.o
 .debug_macro   0x000179c3      0x130 ./Core/Src/freertos.o
 .debug_macro   0x00017af3       0x6c ./Core/Src/freertos.o
 .debug_macro   0x00017b5f      0x1bc ./Core/Src/gpio.o
 .debug_macro   0x00017d1b      0x26e ./Core/Src/main.o
 .debug_macro   0x00017f89      0x276 ./Core/Src/pid.o
 .debug_macro   0x000181ff      0x1b2 ./Core/Src/stm32f1xx_hal_msp.o
 .debug_macro   0x000183b1      0x1a3 ./Core/Src/stm32f1xx_hal_timebase_tim.o
 .debug_macro   0x00018554      0x1bc ./Core/Src/stm32f1xx_it.o
 .debug_macro   0x00018710      0x1a3 ./Core/Src/system_stm32f1xx.o
 .debug_macro   0x000188b3      0x1bc ./Core/Src/tim.o
 .debug_macro   0x00018a6f      0x1bc ./Core/Src/usart.o
 .debug_macro   0x00018c2b      0x1c5 ./Core/Src/verification.o
 .debug_macro   0x00018df0      0x1c7 ./Drivers/STM32F1xx_HAL_Driver/Src/stm32f1xx_hal.o
 .debug_macro   0x00018fb7      0x1a3 ./Drivers/STM32F1xx_HAL_Driver/Src/stm32f1xx_hal_cortex.o
 .debug_macro   0x0001915a      0x1a3 ./Drivers/STM32F1xx_HAL_Driver/Src/stm32f1xx_hal_dma.o
 .debug_macro   0x000192fd      0x20e ./Drivers/STM32F1xx_HAL_Driver/Src/stm32f1xx_hal_gpio.o
 .debug_macro   0x0001950b      0x1b5 ./Drivers/STM32F1xx_HAL_Driver/Src/stm32f1xx_hal_rcc.o
 .debug_macro   0x000196c0      0x1a4 ./Drivers/STM32F1xx_HAL_Driver/Src/stm32f1xx_hal_tim.o
 .debug_macro   0x00019864      0x1a3 ./Drivers/STM32F1xx_HAL_Driver/Src/stm32f1xx_hal_tim_ex.o
 .debug_macro   0x00019a07      0x1a4 ./Drivers/STM32F1xx_HAL_Driver/Src/stm32f1xx_hal_uart.o
 .debug_macro   0x00019bab      0x39f ./Middlewares/Third_Party/FreeRTOS/Source/CMSIS_RTOS_V2/cmsis_os2.o
 .debug_macro   0x00019f4a       0x10 ./Middlewares/Third_Party/FreeRTOS/Source/CMSIS_RTOS_V2/cmsis_os2.o
 .debug_macro   0x00019f5a       0xb7 ./Middlewares/Third_Party/FreeRTOS/Source/CMSIS_RTOS_V2/cmsis_os2.o
 .debug_macro   0x0001a011       0x91 ./Middlewares/Third_Party/FreeRTOS/Source/CMSIS_RTOS_V2/cmsis_os2.o
 .debug_macro   0x0001a0a2       0x8d ./Middlewares/Third_Party/FreeRTOS/Source/CMSIS_RTOS_V2/cmsis_os2.o
 .debug_macro   0x0001a12f       0x9a ./Middlewares/Third_Party/FreeRTOS/Source/CMSIS_RTOS_V2/cmsis_os2.o
 .debug_macro   0x0001a1c9       0x22 ./Middlewares/Third_Party/FreeRTOS/Source/CMSIS_RTOS_V2/cmsis_os2.o
 .debug_macro   0x0001a1eb       0x56 ./Middlewares/Third_Party/FreeRTOS/Source/CMSIS_RTOS_V2/cmsis_os2.o
 .debug_macro   0x0001a241       0x28 ./Middlewares/Third_Party/FreeRTOS/Source/CMSIS_RTOS_V2/cmsis_os2.o
 .debug_macro   0x0001a269      0x187 ./Middlewares/Third_Party/FreeRTOS/Source/list.o
 .debug_macro   0x0001a3f0      0x216 ./Middlewares/Third_Party/FreeRTOS/Source/queue.o
 .debug_macro   0x0001a606       0x87 ./Middlewares/Third_Party/FreeRTOS/Source/queue.o
 .debug_macro   0x0001a68d      0x27f ./Middlewares/Third_Party/FreeRTOS/Source/tasks.o
 .debug_macro   0x0001a90c       0x10 ./Middlewares/Third_Party/FreeRTOS/Source/tasks.o
 .debug_macro   0x0001a91c      0x1dc ./Middlewares/Third_Party/FreeRTOS/Source/timers.o
 .debug_macro   0x0001aaf8       0x97 ./Middlewares/Third_Party/FreeRTOS/Source/timers.o
 .debug_macro   0x0001ab8f      0x172 ./Middlewares/Third_Party/FreeRTOS/Source/portable/GCC/ARM_CM3/port.o
 .debug_macro   0x0001ad01      0x1ae ./Middlewares/Third_Party/FreeRTOS/Source/portable/MemMang/heap_4.o

.debug_line     0x00000000    0x1a710
 .debug_line    0x00000000      0xccf ./Core/Src/MotorControl.o
 .debug_line    0x00000ccf      0xb3e ./Core/Src/UARTComms.o
 .debug_line    0x0000180d      0x706 ./Core/Src/dma.o
 .debug_line    0x00001f13      0x885 ./Core/Src/freertos.o
 .debug_line    0x00002798      0x717 ./Core/Src/gpio.o
 .debug_line    0x00002eaf      0x91c ./Core/Src/main.o
 .debug_line    0x000037cb      0xaf2 ./Core/Src/pid.o
 .debug_line    0x000042bd      0x70a ./Core/Src/stm32f1xx_hal_msp.o
 .debug_line    0x000049c7      0x787 ./Core/Src/stm32f1xx_hal_timebase_tim.o
 .debug_line    0x0000514e      0x7d9 ./Core/Src/stm32f1xx_it.o
 .debug_line    0x00005927      0x787 ./Core/Src/system_stm32f1xx.o
 .debug_line    0x000060ae      0x925 ./Core/Src/tim.o
 .debug_line    0x000069d3      0x7cd ./Core/Src/usart.o
 .debug_line    0x000071a0      0x820 ./Core/Src/verification.o
 .debug_line    0x000079c0       0x78 ./Core/Startup/startup_stm32f103c8tx.o
 .debug_line    0x00007a38      0x9b8 ./Drivers/STM32F1xx_HAL_Driver/Src/stm32f1xx_hal.o
 .debug_line    0x000083f0      0xb82 ./Drivers/STM32F1xx_HAL_Driver/Src/stm32f1xx_hal_cortex.o
 .debug_line    0x00008f72      0xdc2 ./Drivers/STM32F1xx_HAL_Driver/Src/stm32f1xx_hal_dma.o
 .debug_line    0x00009d34      0xa15 ./Drivers/STM32F1xx_HAL_Driver/Src/stm32f1xx_hal_gpio.o
 .debug_line    0x0000a749      0xe71 ./Drivers/STM32F1xx_HAL_Driver/Src/stm32f1xx_hal_rcc.o
 .debug_line    0x0000b5ba     0x34a6 ./Drivers/STM32F1xx_HAL_Driver/Src/stm32f1xx_hal_tim.o
 .debug_line    0x0000ea60     0x187c ./Drivers/STM32F1xx_HAL_Driver/Src/stm32f1xx_hal_tim_ex.o
 .debug_line    0x000102dc     0x24d4 ./Drivers/STM32F1xx_HAL_Driver/Src/stm32f1xx_hal_uart.o
 .debug_line    0x000127b0     0x24dd ./Middlewares/Third_Party/FreeRTOS/Source/CMSIS_RTOS_V2/cmsis_os2.o
 .debug_line    0x00014c8d      0x79a ./Middlewares/Third_Party/FreeRTOS/Source/list.o
 .debug_line    0x00015427     0x170b ./Middlewares/Third_Party/FreeRTOS/Source/queue.o
 .debug_line    0x00016b32     0x1c8e ./Middlewares/Third_Party/FreeRTOS/Source/tasks.o
 .debug_line    0x000187c0      0xdda ./Middlewares/Third_Party/FreeRTOS/Source/timers.o
 .debug_line    0x0001959a      0x7c6 ./Middlewares/Third_Party/FreeRTOS/Source/portable/GCC/ARM_CM3/port.o
 .debug_line    0x00019d60      0x9b0 ./Middlewares/Third_Party/FreeRTOS/Source/portable/MemMang/heap_4.o

.debug_str      0x00000000    0x958a2
 .debug_str     0x00000000    0x958a2 ./Core/Src/MotorControl.o
                              0x8ca0b (size before relaxing)
 .debug_str     0x000958a2    0x8c7dc ./Core/Src/UARTComms.o
 .debug_str     0x000958a2    0x83c0b ./Core/Src/dma.o
 .debug_str     0x000958a2    0x886a8 ./Core/Src/freertos.o
 .debug_str     0x000958a2    0x839ad ./Core/Src/gpio.o
 .debug_str     0x000958a2    0x888f6 ./Core/Src/main.o
 .debug_str     0x000958a2    0x87346 ./Core/Src/pid.o
 .debug_str     0x000958a2    0x83c29 ./Core/Src/stm32f1xx_hal_msp.o
 .debug_str     0x000958a2    0x8405d ./Core/Src/stm32f1xx_hal_timebase_tim.o
 .debug_str     0x000958a2    0x840b7 ./Core/Src/stm32f1xx_it.o
 .debug_str     0x000958a2    0x83795 ./Core/Src/system_stm32f1xx.o
 .debug_str     0x000958a2    0x84196 ./Core/Src/tim.o
 .debug_str     0x000958a2    0x8414a ./Core/Src/usart.o
 .debug_str     0x000958a2    0x839c9 ./Core/Src/verification.o
 .debug_str     0x000958a2       0x76 ./Core/Startup/startup_stm32f103c8tx.o
 .debug_str     0x000958a2    0x83ec8 ./Drivers/STM32F1xx_HAL_Driver/Src/stm32f1xx_hal.o
 .debug_str     0x000958a2    0x83e14 ./Drivers/STM32F1xx_HAL_Driver/Src/stm32f1xx_hal_cortex.o
 .debug_str     0x000958a2    0x83b3e ./Drivers/STM32F1xx_HAL_Driver/Src/stm32f1xx_hal_dma.o
 .debug_str     0x000958a2    0x83b1b ./Drivers/STM32F1xx_HAL_Driver/Src/stm32f1xx_hal_gpio.o
 .debug_str     0x000958a2    0x83bc4 ./Drivers/STM32F1xx_HAL_Driver/Src/stm32f1xx_hal_rcc.o
 .debug_str     0x000958a2    0x84bc6 ./Drivers/STM32F1xx_HAL_Driver/Src/stm32f1xx_hal_tim.o
 .debug_str     0x000958a2    0x843d2 ./Drivers/STM32F1xx_HAL_Driver/Src/stm32f1xx_hal_tim_ex.o
 .debug_str     0x000958a2    0x84235 ./Drivers/STM32F1xx_HAL_Driver/Src/stm32f1xx_hal_uart.o
 .debug_str     0x000958a2    0x8e373 ./Middlewares/Third_Party/FreeRTOS/Source/CMSIS_RTOS_V2/cmsis_os2.o
 .debug_str     0x000958a2     0xaafb ./Middlewares/Third_Party/FreeRTOS/Source/list.o
 .debug_str     0x000958a2     0xc63b ./Middlewares/Third_Party/FreeRTOS/Source/queue.o
 .debug_str     0x000958a2     0xd0f8 ./Middlewares/Third_Party/FreeRTOS/Source/tasks.o
 .debug_str     0x000958a2     0xcb6d ./Middlewares/Third_Party/FreeRTOS/Source/timers.o
 .debug_str     0x000958a2     0x85a1 ./Middlewares/Third_Party/FreeRTOS/Source/portable/GCC/ARM_CM3/port.o
 .debug_str     0x000958a2     0xb43d ./Middlewares/Third_Party/FreeRTOS/Source/portable/MemMang/heap_4.o

.comment        0x00000000       0x43
 .comment       0x00000000       0x43 ./Core/Src/MotorControl.o
                                 0x44 (size before relaxing)
 .comment       0x00000043       0x44 ./Core/Src/UARTComms.o
 .comment       0x00000043       0x44 ./Core/Src/dma.o
 .comment       0x00000043       0x44 ./Core/Src/freertos.o
 .comment       0x00000043       0x44 ./Core/Src/gpio.o
 .comment       0x00000043       0x44 ./Core/Src/main.o
 .comment       0x00000043       0x44 ./Core/Src/pid.o
 .comment       0x00000043       0x44 ./Core/Src/stm32f1xx_hal_msp.o
 .comment       0x00000043       0x44 ./Core/Src/stm32f1xx_hal_timebase_tim.o
 .comment       0x00000043       0x44 ./Core/Src/stm32f1xx_it.o